	linux-vdso.so.1 (0x00007f40dce7a000)
	libblender_cpu_check.so => /home/runner/work/_temp/skyfold-tools/blender-4.5.13-linux-x64/lib/libblender_cpu_check.so (0x00007f40dce6e000)
	libtbb.so.12 => /home/runner/work/_temp/skyfold-tools/blender-4.5.13-linux-x64/lib/libtbb.so.12 (0x00007f40dce16000)
	libutil.so.1 => /lib/x86_64-linux-gnu/libutil.so.1 (0x00007f40dce07000)
	libpthread.so.0 => /lib/x86_64-linux-gnu/libpthread.so.0 (0x00007f40dce02000)
	libdl.so.2 => /lib/x86_64-linux-gnu/libdl.so.2 (0x00007f40dcdfd000)
	libm.so.6 => /lib/x86_64-linux-gnu/libm.so.6 (0x00007f40dcd12000)
	librt.so.1 => /lib/x86_64-linux-gnu/librt.so.1 (0x00007f40dcd0d000)
	libvulkan.so.1 => /home/runner/work/_temp/skyfold-tools/blender-4.5.13-linux-x64/lib/libvulkan.so.1 (0x00007f40dcc92000)
	libX11.so.6 => /lib/x86_64-linux-gnu/libX11.so.6 (0x00007f40dcb55000)
	libXrender.so.1 => /lib/x86_64-linux-gnu/libXrender.so.1 (0x00007f40dcb49000)
	libXfixes.so.3 => /lib/x86_64-linux-gnu/libXfixes.so.3 (0x00007f40dcb41000)
	libXi.so.6 => /lib/x86_64-linux-gnu/libXi.so.6 (0x00007f40dcb2c000)
	libxkbcommon.so.0 => /lib/x86_64-linux-gnu/libxkbcommon.so.0 (0x00007f40dcae3000)
	libosdGPU.so.3.6.0 => /home/runner/work/_temp/skyfold-tools/blender-4.5.13-linux-x64/lib/libosdGPU.so.3.6.0 (0x00007f40dca11000)
	libosdCPU.so.3.6.0 => /home/runner/work/_temp/skyfold-tools/blender-4.5.13-linux-x64/lib/libosdCPU.so.3.6.0 (0x00007f40dc94e000)
	libIex.so.32 => /home/runner/work/_temp/skyfold-tools/blender-4.5.13-linux-x64/lib/libIex.so.32 (0x00007f40dc8cf000)
	libOpenEXR.so.32 => /home/runner/work/_temp/skyfold-tools/blender-4.5.13-linux-x64/lib/libOpenEXR.so.32 (0x00007f40dc799000)
	libOpenEXRCore.so.32 => /home/runner/work/_temp/skyfold-tools/blender-4.5.13-linux-x64/lib/libOpenEXRCore.so.32 (0x00007f40dc6bd000)
	libIlmThread.so.32 => /home/runner/work/_temp/skyfold-tools/blender-4.5.13-linux-x64/lib/libIlmThread.so.32 (0x00007f40dc6b2000)
	libImath.so.30 => /home/runner/work/_temp/skyfold-tools/blender-4.5.13-linux-x64/lib/libImath.so.30 (0x00007f40dc661000)
	libMaterialXFormat.so.1 => /home/runner/work/_temp/skyfold-tools/blender-4.5.13-linux-x64/lib/libMaterialXFormat.so.1 (0x00007f40dc617000)
	libMaterialXCore.so.1 => /home/runner/work/_temp/skyfold-tools/blender-4.5.13-linux-x64/lib/libMaterialXCore.so.1 (0x00007f40dc4fc000)
	libembree4.so.4 => /home/runner/work/_temp/skyfold-tools/blender-4.5.13-linux-x64/lib/libembree4.so.4 (0x00007f40daa00000)
	libcycles_kernel_oneapi_aot.so => /home/runner/work/_temp/skyfold-tools/blender-4.5.13-linux-x64/lib/libcycles_kernel_oneapi_aot.so (0x00007f40d8c00000)
	libsycl.so.8 => /home/runner/work/_temp/skyfold-tools/blender-4.5.13-linux-x64/lib/libsycl.so.8 (0x00007f40d8800000)
	libOpenColorIO.so.2.4 => /home/runner/work/_temp/skyfold-tools/blender-4.5.13-linux-x64/lib/libOpenColorIO.so.2.4 (0x00007f40d8200000)
	libOpenImageIO.so.3.0 => /home/runner/work/_temp/skyfold-tools/blender-4.5.13-linux-x64/lib/libOpenImageIO.so.3.0 (0x00007f40d7800000)
	libOpenImageIO_Util.so.3.0 => /home/runner/work/_temp/skyfold-tools/blender-4.5.13-linux-x64/lib/libOpenImageIO_Util.so.3.0 (0x00007f40da8ce000)
	libOpenImageDenoise.so.2 => /home/runner/work/_temp/skyfold-tools/blender-4.5.13-linux-x64/lib/libOpenImageDenoise.so.2 (0x00007f40dc4e0000)
	liboslcomp.so.1.14.4 => /home/runner/work/_temp/skyfold-tools/blender-4.5.13-linux-x64/lib/liboslcomp.so.1.14.4 (0x00007f40d5000000)
	liboslexec.so.1.14.4 => /home/runner/work/_temp/skyfold-tools/blender-4.5.13-linux-x64/lib/liboslexec.so.1.14.4 (0x00007f40d1e00000)
	liboslquery.so.1.14.4 => /home/runner/work/_temp/skyfold-tools/blender-4.5.13-linux-x64/lib/liboslquery.so.1.14.4 (0x00007f40d81ca000)
	liboslnoise.so.1.14.4 => /home/runner/work/_temp/skyfold-tools/blender-4.5.13-linux-x64/lib/liboslnoise.so.1.14.4 (0x00007f40dc4ca000)
	libusd_ms.so => /home/runner/work/_temp/skyfold-tools/blender-4.5.13-linux-x64/lib/libusd_ms.so (0x00007f40ce400000)
	libopenvdb.so.12.0 => /home/runner/work/_temp/skyfold-tools/blender-4.5.13-linux-x64/lib/libopenvdb.so.12.0 (0x00007f40cb000000)
	libstdc++.so.6 => /lib/x86_64-linux-gnu/libstdc++.so.6 (0x00007f40cac00000)
	libc.so.6 => /lib/x86_64-linux-gnu/libc.so.6 (0x00007f40ca800000)
	/lib64/ld-linux-x86-64.so.2 (0x00007f40dce7c000)
	libgcc_s.so.1 => /lib/x86_64-linux-gnu/libgcc_s.so.1 (0x00007f40da8a0000)
	libxcb.so.1 => /lib/x86_64-linux-gnu/libxcb.so.1 (0x00007f40d8bd7000)
	libXext.so.6 => /lib/x86_64-linux-gnu/libXext.so.6 (0x00007f40d81b6000)
	libur_loader.so.0 => /home/runner/work/_temp/skyfold-tools/blender-4.5.13-linux-x64/lib/libur_loader.so.0 (0x00007f40c9800000)
	libOpenImageDenoise_core.so.2.3.3 => /home/runner/work/_temp/skyfold-tools/blender-4.5.13-linux-x64/lib/libOpenImageDenoise_core.so.2.3.3 (0x00007f40c6a00000)
	libSM.so.6 => /lib/x86_64-linux-gnu/libSM.so.6 (0x00007f40d81ac000)
	libICE.so.6 => /lib/x86_64-linux-gnu/libICE.so.6 (0x00007f40d8190000)
	libGL.so.1 => /lib/x86_64-linux-gnu/libGL.so.1 (0x00007f40d1d79000)
	libMaterialXRender.so.1 => /home/runner/work/_temp/skyfold-tools/blender-4.5.13-linux-x64/lib/libMaterialXRender.so.1 (0x00007f40ce372000)
	libMaterialXGenGlsl.so.1 => /home/runner/work/_temp/skyfold-tools/blender-4.5.13-linux-x64/lib/libMaterialXGenGlsl.so.1 (0x00007f40ce311000)
	libMaterialXGenMsl.so.1 => /home/runner/work/_temp/skyfold-tools/blender-4.5.13-linux-x64/lib/libMaterialXGenMsl.so.1 (0x00007f40d813a000)
	libMaterialXGenShader.so.1 => /home/runner/work/_temp/skyfold-tools/blender-4.5.13-linux-x64/lib/libMaterialXGenShader.so.1 (0x00007f40caf1d000)
	libXau.so.6 => /lib/x86_64-linux-gnu/libXau.so.6 (0x00007f40d8134000)
	libXdmcp.so.6 => /lib/x86_64-linux-gnu/libXdmcp.so.6 (0x00007f40d77f8000)
	libuuid.so.1 => /lib/x86_64-linux-gnu/libuuid.so.1 (0x00007f40d77ee000)
	libbsd.so.0 => /lib/x86_64-linux-gnu/libbsd.so.0 (0x00007f40d77d8000)
	libGLdispatch.so.0 => /lib/x86_64-linux-gnu/libGLdispatch.so.0 (0x00007f40cab48000)
	libGLX.so.0 => /lib/x86_64-linux-gnu/libGLX.so.0 (0x00007f40d4fcd000)
	libmd.so.0 => /lib/x86_64-linux-gnu/libmd.so.0 (0x00007f40d4fbe000)
