SUMMARY {
  "scope": "E2 exploratory, reused test origins, no method novelty claimed",
  "test_cases": 14592,
  "original_gate_refits_exact": true,
  "original_refit_predictions_checked": 43776,
  "tail_test": {
    "mase_native": 1.2657561576334964,
    "mase_phase_filled": 1.2361021211998549,
    "mase_persistence": 3.0959827939045272,
    "mase_seasonal_last": 1.4045785215076512,
    "mase_seasonal_median": 1.2505270490180682,
    "mase_equal_ensemble": 1.2059628304846404,
    "mase_gate_rate": 1.2657561576334964,
    "mase_gate_uncertainty": 1.2603821809159452,
    "mase_gate_full": 1.2460757306029826,
    "mase_source_best_fixed": 1.2361021211998549,
    "mase_oracle_pair": 1.057438439874319,
    "mase_replay_clean": 1.2699100095258509,
    "mase_replay_matched": 1.291375123316556,
    "mase_original_full": 1.2460757306029826,
    "mase_original_rate": 1.2657561576334964,
    "mase_original_uncertainty": 1.2603821809159452,
    "mase_source_tail_full": 1.2715480886340023,
    "mase_source_tail_rate": 1.2657561576334964,
    "mase_source_tail_uncertainty": 1.2607388797906938,
    "mase_source_all_full": 1.2546727349883782,
    "mase_target_tail_full": 1.2342169209704927,
    "mase_replay_pair": 1.248077285519619,
    "mase_replay_pair_one_se": 1.2537261823768695
  },
  "all_test": {
    "mase_native": 1.0684045354484444,
    "mase_phase_filled": 1.0146774717294533,
    "mase_persistence": 2.94082880914982,
    "mase_seasonal_last": 1.1724814979736284,
    "mase_seasonal_median": 1.1705390374187037,
    "mase_equal_ensemble": 1.05190859779591,
    "mase_gate_rate": 1.0684045354484444,
    "mase_gate_uncertainty": 1.0836355565784528,
    "mase_gate_full": 1.0613891896608385,
    "mase_source_best_fixed": 1.0146774717294533,
    "mase_oracle_pair": 0.8893955395895878,
    "mase_replay_clean": 1.0696506910161505,
    "mase_replay_matched": 1.076090225153362,
    "mase_original_full": 1.0613891896608385,
    "mase_original_rate": 1.0684045354484444,
    "mase_original_uncertainty": 1.0836355565784528,
    "mase_source_tail_full": 1.0757102180723117,
    "mase_source_tail_rate": 1.0684045354484444,
    "mase_source_tail_uncertainty": 1.0889258497465775,
    "mase_source_all_full": 1.0559909863363994,
    "mase_target_tail_full": 1.0523429361776024,
    "mase_replay_pair": 1.0631008738142809,
    "mase_replay_pair_one_se": 1.0647955428714562
  }
}
