	linux-vdso.so.1 (0x00007fc839e42000)
	libblender_cpu_check.so => /home/runner/work/_temp/skyfold-tools/blender-4.5.13-linux-x64/lib/libblender_cpu_check.so (0x00007fc839e36000)
	libtbb.so.12 => /home/runner/work/_temp/skyfold-tools/blender-4.5.13-linux-x64/lib/libtbb.so.12 (0x00007fc839dde000)
	libutil.so.1 => /lib/x86_64-linux-gnu/libutil.so.1 (0x00007fc839dcf000)
	libpthread.so.0 => /lib/x86_64-linux-gnu/libpthread.so.0 (0x00007fc839dca000)
	libdl.so.2 => /lib/x86_64-linux-gnu/libdl.so.2 (0x00007fc839dc5000)
	libm.so.6 => /lib/x86_64-linux-gnu/libm.so.6 (0x00007fc839cda000)
	librt.so.1 => /lib/x86_64-linux-gnu/librt.so.1 (0x00007fc839cd5000)
	libvulkan.so.1 => /home/runner/work/_temp/skyfold-tools/blender-4.5.13-linux-x64/lib/libvulkan.so.1 (0x00007fc839c5a000)
	libX11.so.6 => /lib/x86_64-linux-gnu/libX11.so.6 (0x00007fc839b1d000)
	libXrender.so.1 => /lib/x86_64-linux-gnu/libXrender.so.1 (0x00007fc839b11000)
	libXfixes.so.3 => /lib/x86_64-linux-gnu/libXfixes.so.3 (0x00007fc839b09000)
	libXi.so.6 => /lib/x86_64-linux-gnu/libXi.so.6 (0x00007fc839af4000)
	libxkbcommon.so.0 => /lib/x86_64-linux-gnu/libxkbcommon.so.0 (0x00007fc839aab000)
	libosdGPU.so.3.6.0 => /home/runner/work/_temp/skyfold-tools/blender-4.5.13-linux-x64/lib/libosdGPU.so.3.6.0 (0x00007fc8399d9000)
	libosdCPU.so.3.6.0 => /home/runner/work/_temp/skyfold-tools/blender-4.5.13-linux-x64/lib/libosdCPU.so.3.6.0 (0x00007fc839916000)
	libIex.so.32 => /home/runner/work/_temp/skyfold-tools/blender-4.5.13-linux-x64/lib/libIex.so.32 (0x00007fc839897000)
	libOpenEXR.so.32 => /home/runner/work/_temp/skyfold-tools/blender-4.5.13-linux-x64/lib/libOpenEXR.so.32 (0x00007fc839761000)
	libOpenEXRCore.so.32 => /home/runner/work/_temp/skyfold-tools/blender-4.5.13-linux-x64/lib/libOpenEXRCore.so.32 (0x00007fc839685000)
	libIlmThread.so.32 => /home/runner/work/_temp/skyfold-tools/blender-4.5.13-linux-x64/lib/libIlmThread.so.32 (0x00007fc83967a000)
	libImath.so.30 => /home/runner/work/_temp/skyfold-tools/blender-4.5.13-linux-x64/lib/libImath.so.30 (0x00007fc839629000)
	libMaterialXFormat.so.1 => /home/runner/work/_temp/skyfold-tools/blender-4.5.13-linux-x64/lib/libMaterialXFormat.so.1 (0x00007fc8395df000)
	libMaterialXCore.so.1 => /home/runner/work/_temp/skyfold-tools/blender-4.5.13-linux-x64/lib/libMaterialXCore.so.1 (0x00007fc8394c4000)
	libembree4.so.4 => /home/runner/work/_temp/skyfold-tools/blender-4.5.13-linux-x64/lib/libembree4.so.4 (0x00007fc837a00000)
	libcycles_kernel_oneapi_aot.so => /home/runner/work/_temp/skyfold-tools/blender-4.5.13-linux-x64/lib/libcycles_kernel_oneapi_aot.so (0x00007fc835c00000)
	libsycl.so.8 => /home/runner/work/_temp/skyfold-tools/blender-4.5.13-linux-x64/lib/libsycl.so.8 (0x00007fc835800000)
	libOpenColorIO.so.2.4 => /home/runner/work/_temp/skyfold-tools/blender-4.5.13-linux-x64/lib/libOpenColorIO.so.2.4 (0x00007fc835200000)
	libOpenImageIO.so.3.0 => /home/runner/work/_temp/skyfold-tools/blender-4.5.13-linux-x64/lib/libOpenImageIO.so.3.0 (0x00007fc834800000)
	libOpenImageIO_Util.so.3.0 => /home/runner/work/_temp/skyfold-tools/blender-4.5.13-linux-x64/lib/libOpenImageIO_Util.so.3.0 (0x00007fc8378ce000)
	libOpenImageDenoise.so.2 => /home/runner/work/_temp/skyfold-tools/blender-4.5.13-linux-x64/lib/libOpenImageDenoise.so.2 (0x00007fc8378b4000)
	liboslcomp.so.1.14.4 => /home/runner/work/_temp/skyfold-tools/blender-4.5.13-linux-x64/lib/liboslcomp.so.1.14.4 (0x00007fc832000000)
	liboslexec.so.1.14.4 => /home/runner/work/_temp/skyfold-tools/blender-4.5.13-linux-x64/lib/liboslexec.so.1.14.4 (0x00007fc82ee00000)
	liboslquery.so.1.14.4 => /home/runner/work/_temp/skyfold-tools/blender-4.5.13-linux-x64/lib/liboslquery.so.1.14.4 (0x00007fc8351ca000)
	liboslnoise.so.1.14.4 => /home/runner/work/_temp/skyfold-tools/blender-4.5.13-linux-x64/lib/liboslnoise.so.1.14.4 (0x00007fc8378a0000)
	libusd_ms.so => /home/runner/work/_temp/skyfold-tools/blender-4.5.13-linux-x64/lib/libusd_ms.so (0x00007fc82b400000)
	libopenvdb.so.12.0 => /home/runner/work/_temp/skyfold-tools/blender-4.5.13-linux-x64/lib/libopenvdb.so.12.0 (0x00007fc828000000)
	libstdc++.so.6 => /lib/x86_64-linux-gnu/libstdc++.so.6 (0x00007fc827c00000)
	libc.so.6 => /lib/x86_64-linux-gnu/libc.so.6 (0x00007fc827800000)
	/lib64/ld-linux-x86-64.so.2 (0x00007fc839e44000)
	libgcc_s.so.1 => /lib/x86_64-linux-gnu/libgcc_s.so.1 (0x00007fc835bd2000)
	libxcb.so.1 => /lib/x86_64-linux-gnu/libxcb.so.1 (0x00007fc8351a1000)
	libXext.so.6 => /lib/x86_64-linux-gnu/libXext.so.6 (0x00007fc83518d000)
	libur_loader.so.0 => /home/runner/work/_temp/skyfold-tools/blender-4.5.13-linux-x64/lib/libur_loader.so.0 (0x00007fc826800000)
	libOpenImageDenoise_core.so.2.3.3 => /home/runner/work/_temp/skyfold-tools/blender-4.5.13-linux-x64/lib/libOpenImageDenoise_core.so.2.3.3 (0x00007fc823a00000)
	libSM.so.6 => /lib/x86_64-linux-gnu/libSM.so.6 (0x00007fc835183000)
	libICE.so.6 => /lib/x86_64-linux-gnu/libICE.so.6 (0x00007fc835167000)
	libGL.so.1 => /lib/x86_64-linux-gnu/libGL.so.1 (0x00007fc82ed79000)
	libMaterialXRender.so.1 => /home/runner/work/_temp/skyfold-tools/blender-4.5.13-linux-x64/lib/libMaterialXRender.so.1 (0x00007fc82b372000)
	libMaterialXGenGlsl.so.1 => /home/runner/work/_temp/skyfold-tools/blender-4.5.13-linux-x64/lib/libMaterialXGenGlsl.so.1 (0x00007fc82b311000)
	libMaterialXGenMsl.so.1 => /home/runner/work/_temp/skyfold-tools/blender-4.5.13-linux-x64/lib/libMaterialXGenMsl.so.1 (0x00007fc82b2bb000)
	libMaterialXGenShader.so.1 => /home/runner/work/_temp/skyfold-tools/blender-4.5.13-linux-x64/lib/libMaterialXGenShader.so.1 (0x00007fc827f1d000)
	libXau.so.6 => /lib/x86_64-linux-gnu/libXau.so.6 (0x00007fc83515f000)
	libXdmcp.so.6 => /lib/x86_64-linux-gnu/libXdmcp.so.6 (0x00007fc835157000)
	libuuid.so.1 => /lib/x86_64-linux-gnu/libuuid.so.1 (0x00007fc83514d000)
	libbsd.so.0 => /lib/x86_64-linux-gnu/libbsd.so.0 (0x00007fc835137000)
	libGLdispatch.so.0 => /lib/x86_64-linux-gnu/libGLdispatch.so.0 (0x00007fc827b48000)
	libGLX.so.0 => /lib/x86_64-linux-gnu/libGLX.so.0 (0x00007fc831fcd000)
	libmd.so.0 => /lib/x86_64-linux-gnu/libmd.so.0 (0x00007fc8347f1000)
