	linux-vdso.so.1 (0x00007fd4de31d000)
	libblender_cpu_check.so => /home/runner/work/_temp/skyfold-tools/blender-4.5.13-linux-x64/lib/libblender_cpu_check.so (0x00007fd4de311000)
	libtbb.so.12 => /home/runner/work/_temp/skyfold-tools/blender-4.5.13-linux-x64/lib/libtbb.so.12 (0x00007fd4de2b9000)
	libutil.so.1 => /lib/x86_64-linux-gnu/libutil.so.1 (0x00007fd4de2aa000)
	libpthread.so.0 => /lib/x86_64-linux-gnu/libpthread.so.0 (0x00007fd4de2a5000)
	libdl.so.2 => /lib/x86_64-linux-gnu/libdl.so.2 (0x00007fd4de2a0000)
	libm.so.6 => /lib/x86_64-linux-gnu/libm.so.6 (0x00007fd4de1b5000)
	librt.so.1 => /lib/x86_64-linux-gnu/librt.so.1 (0x00007fd4de1b0000)
	libvulkan.so.1 => /home/runner/work/_temp/skyfold-tools/blender-4.5.13-linux-x64/lib/libvulkan.so.1 (0x00007fd4de135000)
	libX11.so.6 => /lib/x86_64-linux-gnu/libX11.so.6 (0x00007fd4ddff8000)
	libXrender.so.1 => /lib/x86_64-linux-gnu/libXrender.so.1 (0x00007fd4ddfec000)
	libXfixes.so.3 => /lib/x86_64-linux-gnu/libXfixes.so.3 (0x00007fd4ddfe4000)
	libXi.so.6 => /lib/x86_64-linux-gnu/libXi.so.6 (0x00007fd4ddfcf000)
	libxkbcommon.so.0 => /lib/x86_64-linux-gnu/libxkbcommon.so.0 (0x00007fd4ddf86000)
	libosdGPU.so.3.6.0 => /home/runner/work/_temp/skyfold-tools/blender-4.5.13-linux-x64/lib/libosdGPU.so.3.6.0 (0x00007fd4ddeb4000)
	libosdCPU.so.3.6.0 => /home/runner/work/_temp/skyfold-tools/blender-4.5.13-linux-x64/lib/libosdCPU.so.3.6.0 (0x00007fd4dddf1000)
	libIex.so.32 => /home/runner/work/_temp/skyfold-tools/blender-4.5.13-linux-x64/lib/libIex.so.32 (0x00007fd4ddd72000)
	libOpenEXR.so.32 => /home/runner/work/_temp/skyfold-tools/blender-4.5.13-linux-x64/lib/libOpenEXR.so.32 (0x00007fd4ddc3c000)
	libOpenEXRCore.so.32 => /home/runner/work/_temp/skyfold-tools/blender-4.5.13-linux-x64/lib/libOpenEXRCore.so.32 (0x00007fd4ddb60000)
	libIlmThread.so.32 => /home/runner/work/_temp/skyfold-tools/blender-4.5.13-linux-x64/lib/libIlmThread.so.32 (0x00007fd4ddb55000)
	libImath.so.30 => /home/runner/work/_temp/skyfold-tools/blender-4.5.13-linux-x64/lib/libImath.so.30 (0x00007fd4ddb04000)
	libMaterialXFormat.so.1 => /home/runner/work/_temp/skyfold-tools/blender-4.5.13-linux-x64/lib/libMaterialXFormat.so.1 (0x00007fd4ddaba000)
	libMaterialXCore.so.1 => /home/runner/work/_temp/skyfold-tools/blender-4.5.13-linux-x64/lib/libMaterialXCore.so.1 (0x00007fd4dd99f000)
	libembree4.so.4 => /home/runner/work/_temp/skyfold-tools/blender-4.5.13-linux-x64/lib/libembree4.so.4 (0x00007fd4dbe00000)
	libcycles_kernel_oneapi_aot.so => /home/runner/work/_temp/skyfold-tools/blender-4.5.13-linux-x64/lib/libcycles_kernel_oneapi_aot.so (0x00007fd4da000000)
	libsycl.so.8 => /home/runner/work/_temp/skyfold-tools/blender-4.5.13-linux-x64/lib/libsycl.so.8 (0x00007fd4d9c00000)
	libOpenColorIO.so.2.4 => /home/runner/work/_temp/skyfold-tools/blender-4.5.13-linux-x64/lib/libOpenColorIO.so.2.4 (0x00007fd4d9600000)
	libOpenImageIO.so.3.0 => /home/runner/work/_temp/skyfold-tools/blender-4.5.13-linux-x64/lib/libOpenImageIO.so.3.0 (0x00007fd4d8c00000)
	libOpenImageIO_Util.so.3.0 => /home/runner/work/_temp/skyfold-tools/blender-4.5.13-linux-x64/lib/libOpenImageIO_Util.so.3.0 (0x00007fd4dbcce000)
	libOpenImageDenoise.so.2 => /home/runner/work/_temp/skyfold-tools/blender-4.5.13-linux-x64/lib/libOpenImageDenoise.so.2 (0x00007fd4dd983000)
	liboslcomp.so.1.14.4 => /home/runner/work/_temp/skyfold-tools/blender-4.5.13-linux-x64/lib/liboslcomp.so.1.14.4 (0x00007fd4d6400000)
	liboslexec.so.1.14.4 => /home/runner/work/_temp/skyfold-tools/blender-4.5.13-linux-x64/lib/liboslexec.so.1.14.4 (0x00007fd4d3200000)
	liboslquery.so.1.14.4 => /home/runner/work/_temp/skyfold-tools/blender-4.5.13-linux-x64/lib/liboslquery.so.1.14.4 (0x00007fd4dd94b000)
	liboslnoise.so.1.14.4 => /home/runner/work/_temp/skyfold-tools/blender-4.5.13-linux-x64/lib/liboslnoise.so.1.14.4 (0x00007fd4dd937000)
	libusd_ms.so => /home/runner/work/_temp/skyfold-tools/blender-4.5.13-linux-x64/lib/libusd_ms.so (0x00007fd4cf800000)
	libopenvdb.so.12.0 => /home/runner/work/_temp/skyfold-tools/blender-4.5.13-linux-x64/lib/libopenvdb.so.12.0 (0x00007fd4cc400000)
	libstdc++.so.6 => /lib/x86_64-linux-gnu/libstdc++.so.6 (0x00007fd4cc000000)
	libc.so.6 => /lib/x86_64-linux-gnu/libc.so.6 (0x00007fd4cbc00000)
	/lib64/ld-linux-x86-64.so.2 (0x00007fd4de31f000)
	libgcc_s.so.1 => /lib/x86_64-linux-gnu/libgcc_s.so.1 (0x00007fd4dd907000)
	libxcb.so.1 => /lib/x86_64-linux-gnu/libxcb.so.1 (0x00007fd4dd8de000)
	libXext.so.6 => /lib/x86_64-linux-gnu/libXext.so.6 (0x00007fd4dd8ca000)
	libur_loader.so.0 => /home/runner/work/_temp/skyfold-tools/blender-4.5.13-linux-x64/lib/libur_loader.so.0 (0x00007fd4cac00000)
	libOpenImageDenoise_core.so.2.3.3 => /home/runner/work/_temp/skyfold-tools/blender-4.5.13-linux-x64/lib/libOpenImageDenoise_core.so.2.3.3 (0x00007fd4c7e00000)
	libSM.so.6 => /lib/x86_64-linux-gnu/libSM.so.6 (0x00007fd4dbcc4000)
	libICE.so.6 => /lib/x86_64-linux-gnu/libICE.so.6 (0x00007fd4dbca8000)
	libGL.so.1 => /lib/x86_64-linux-gnu/libGL.so.1 (0x00007fd4d9579000)
	libMaterialXRender.so.1 => /home/runner/work/_temp/skyfold-tools/blender-4.5.13-linux-x64/lib/libMaterialXRender.so.1 (0x00007fd4d3172000)
	libMaterialXGenGlsl.so.1 => /home/runner/work/_temp/skyfold-tools/blender-4.5.13-linux-x64/lib/libMaterialXGenGlsl.so.1 (0x00007fd4cf79f000)
	libMaterialXGenMsl.so.1 => /home/runner/work/_temp/skyfold-tools/blender-4.5.13-linux-x64/lib/libMaterialXGenMsl.so.1 (0x00007fd4cf749000)
	libMaterialXGenShader.so.1 => /home/runner/work/_temp/skyfold-tools/blender-4.5.13-linux-x64/lib/libMaterialXGenShader.so.1 (0x00007fd4cc31d000)
	libXau.so.6 => /lib/x86_64-linux-gnu/libXau.so.6 (0x00007fd4dbca2000)
	libXdmcp.so.6 => /lib/x86_64-linux-gnu/libXdmcp.so.6 (0x00007fd4d9ff8000)
	libuuid.so.1 => /lib/x86_64-linux-gnu/libuuid.so.1 (0x00007fd4d9fee000)
	libbsd.so.0 => /lib/x86_64-linux-gnu/libbsd.so.0 (0x00007fd4d9fd8000)
	libGLdispatch.so.0 => /lib/x86_64-linux-gnu/libGLdispatch.so.0 (0x00007fd4cf691000)
	libGLX.so.0 => /lib/x86_64-linux-gnu/libGLX.so.0 (0x00007fd4d9546000)
	libmd.so.0 => /lib/x86_64-linux-gnu/libmd.so.0 (0x00007fd4d9537000)
