	linux-vdso.so.1 (0x00007f4e4e441000)
	libblender_cpu_check.so => /home/runner/work/_temp/skyfold-tools/blender-4.5.13-linux-x64/lib/libblender_cpu_check.so (0x00007f4e4e435000)
	libtbb.so.12 => /home/runner/work/_temp/skyfold-tools/blender-4.5.13-linux-x64/lib/libtbb.so.12 (0x00007f4e4e3dd000)
	libutil.so.1 => /lib/x86_64-linux-gnu/libutil.so.1 (0x00007f4e4e3ce000)
	libpthread.so.0 => /lib/x86_64-linux-gnu/libpthread.so.0 (0x00007f4e4e3c9000)
	libdl.so.2 => /lib/x86_64-linux-gnu/libdl.so.2 (0x00007f4e4e3c4000)
	libm.so.6 => /lib/x86_64-linux-gnu/libm.so.6 (0x00007f4e4e2d9000)
	librt.so.1 => /lib/x86_64-linux-gnu/librt.so.1 (0x00007f4e4e2d4000)
	libvulkan.so.1 => /home/runner/work/_temp/skyfold-tools/blender-4.5.13-linux-x64/lib/libvulkan.so.1 (0x00007f4e4e259000)
	libX11.so.6 => /lib/x86_64-linux-gnu/libX11.so.6 (0x00007f4e4e11c000)
	libXrender.so.1 => /lib/x86_64-linux-gnu/libXrender.so.1 (0x00007f4e4e110000)
	libXfixes.so.3 => /lib/x86_64-linux-gnu/libXfixes.so.3 (0x00007f4e4e108000)
	libXi.so.6 => /lib/x86_64-linux-gnu/libXi.so.6 (0x00007f4e4e0f3000)
	libxkbcommon.so.0 => /lib/x86_64-linux-gnu/libxkbcommon.so.0 (0x00007f4e4e0aa000)
	libosdGPU.so.3.6.0 => /home/runner/work/_temp/skyfold-tools/blender-4.5.13-linux-x64/lib/libosdGPU.so.3.6.0 (0x00007f4e4dfd8000)
	libosdCPU.so.3.6.0 => /home/runner/work/_temp/skyfold-tools/blender-4.5.13-linux-x64/lib/libosdCPU.so.3.6.0 (0x00007f4e4df15000)
	libIex.so.32 => /home/runner/work/_temp/skyfold-tools/blender-4.5.13-linux-x64/lib/libIex.so.32 (0x00007f4e4de96000)
	libOpenEXR.so.32 => /home/runner/work/_temp/skyfold-tools/blender-4.5.13-linux-x64/lib/libOpenEXR.so.32 (0x00007f4e4dd60000)
	libOpenEXRCore.so.32 => /home/runner/work/_temp/skyfold-tools/blender-4.5.13-linux-x64/lib/libOpenEXRCore.so.32 (0x00007f4e4dc84000)
	libIlmThread.so.32 => /home/runner/work/_temp/skyfold-tools/blender-4.5.13-linux-x64/lib/libIlmThread.so.32 (0x00007f4e4dc79000)
	libImath.so.30 => /home/runner/work/_temp/skyfold-tools/blender-4.5.13-linux-x64/lib/libImath.so.30 (0x00007f4e4dc28000)
	libMaterialXFormat.so.1 => /home/runner/work/_temp/skyfold-tools/blender-4.5.13-linux-x64/lib/libMaterialXFormat.so.1 (0x00007f4e4dbde000)
	libMaterialXCore.so.1 => /home/runner/work/_temp/skyfold-tools/blender-4.5.13-linux-x64/lib/libMaterialXCore.so.1 (0x00007f4e4dac3000)
	libembree4.so.4 => /home/runner/work/_temp/skyfold-tools/blender-4.5.13-linux-x64/lib/libembree4.so.4 (0x00007f4e4c000000)
	libcycles_kernel_oneapi_aot.so => /home/runner/work/_temp/skyfold-tools/blender-4.5.13-linux-x64/lib/libcycles_kernel_oneapi_aot.so (0x00007f4e4a200000)
	libsycl.so.8 => /home/runner/work/_temp/skyfold-tools/blender-4.5.13-linux-x64/lib/libsycl.so.8 (0x00007f4e49e00000)
	libOpenColorIO.so.2.4 => /home/runner/work/_temp/skyfold-tools/blender-4.5.13-linux-x64/lib/libOpenColorIO.so.2.4 (0x00007f4e49800000)
	libOpenImageIO.so.3.0 => /home/runner/work/_temp/skyfold-tools/blender-4.5.13-linux-x64/lib/libOpenImageIO.so.3.0 (0x00007f4e48e00000)
	libOpenImageIO_Util.so.3.0 => /home/runner/work/_temp/skyfold-tools/blender-4.5.13-linux-x64/lib/libOpenImageIO_Util.so.3.0 (0x00007f4e4bece000)
	libOpenImageDenoise.so.2 => /home/runner/work/_temp/skyfold-tools/blender-4.5.13-linux-x64/lib/libOpenImageDenoise.so.2 (0x00007f4e4beb4000)
	liboslcomp.so.1.14.4 => /home/runner/work/_temp/skyfold-tools/blender-4.5.13-linux-x64/lib/liboslcomp.so.1.14.4 (0x00007f4e46600000)
	liboslexec.so.1.14.4 => /home/runner/work/_temp/skyfold-tools/blender-4.5.13-linux-x64/lib/liboslexec.so.1.14.4 (0x00007f4e43400000)
	liboslquery.so.1.14.4 => /home/runner/work/_temp/skyfold-tools/blender-4.5.13-linux-x64/lib/liboslquery.so.1.14.4 (0x00007f4e497ca000)
	liboslnoise.so.1.14.4 => /home/runner/work/_temp/skyfold-tools/blender-4.5.13-linux-x64/lib/liboslnoise.so.1.14.4 (0x00007f4e4be9e000)
	libusd_ms.so => /home/runner/work/_temp/skyfold-tools/blender-4.5.13-linux-x64/lib/libusd_ms.so (0x00007f4e3fa00000)
	libopenvdb.so.12.0 => /home/runner/work/_temp/skyfold-tools/blender-4.5.13-linux-x64/lib/libopenvdb.so.12.0 (0x00007f4e3c600000)
	libstdc++.so.6 => /lib/x86_64-linux-gnu/libstdc++.so.6 (0x00007f4e3c200000)
	libc.so.6 => /lib/x86_64-linux-gnu/libc.so.6 (0x00007f4e3be00000)
	/lib64/ld-linux-x86-64.so.2 (0x00007f4e4e443000)
	libgcc_s.so.1 => /lib/x86_64-linux-gnu/libgcc_s.so.1 (0x00007f4e4a1d2000)
	libxcb.so.1 => /lib/x86_64-linux-gnu/libxcb.so.1 (0x00007f4e497a1000)
	libXext.so.6 => /lib/x86_64-linux-gnu/libXext.so.6 (0x00007f4e4978d000)
	libur_loader.so.0 => /home/runner/work/_temp/skyfold-tools/blender-4.5.13-linux-x64/lib/libur_loader.so.0 (0x00007f4e3ae00000)
	libOpenImageDenoise_core.so.2.3.3 => /home/runner/work/_temp/skyfold-tools/blender-4.5.13-linux-x64/lib/libOpenImageDenoise_core.so.2.3.3 (0x00007f4e38000000)
	libSM.so.6 => /lib/x86_64-linux-gnu/libSM.so.6 (0x00007f4e49783000)
	libICE.so.6 => /lib/x86_64-linux-gnu/libICE.so.6 (0x00007f4e49767000)
	libGL.so.1 => /lib/x86_64-linux-gnu/libGL.so.1 (0x00007f4e43379000)
	libMaterialXRender.so.1 => /home/runner/work/_temp/skyfold-tools/blender-4.5.13-linux-x64/lib/libMaterialXRender.so.1 (0x00007f4e3f972000)
	libMaterialXGenGlsl.so.1 => /home/runner/work/_temp/skyfold-tools/blender-4.5.13-linux-x64/lib/libMaterialXGenGlsl.so.1 (0x00007f4e3f911000)
	libMaterialXGenMsl.so.1 => /home/runner/work/_temp/skyfold-tools/blender-4.5.13-linux-x64/lib/libMaterialXGenMsl.so.1 (0x00007f4e3f8bb000)
	libMaterialXGenShader.so.1 => /home/runner/work/_temp/skyfold-tools/blender-4.5.13-linux-x64/lib/libMaterialXGenShader.so.1 (0x00007f4e3c51d000)
	libXau.so.6 => /lib/x86_64-linux-gnu/libXau.so.6 (0x00007f4e4975d000)
	libXdmcp.so.6 => /lib/x86_64-linux-gnu/libXdmcp.so.6 (0x00007f4e49755000)
	libuuid.so.1 => /lib/x86_64-linux-gnu/libuuid.so.1 (0x00007f4e4974b000)
	libbsd.so.0 => /lib/x86_64-linux-gnu/libbsd.so.0 (0x00007f4e49735000)
	libGLdispatch.so.0 => /lib/x86_64-linux-gnu/libGLdispatch.so.0 (0x00007f4e3c148000)
	libGLX.so.0 => /lib/x86_64-linux-gnu/libGLX.so.0 (0x00007f4e465cd000)
	libmd.so.0 => /lib/x86_64-linux-gnu/libmd.so.0 (0x00007f4e48df1000)
