  % Total    % Received % Xferd  Average Speed   Time    Time     Time  Current
                                 Dload  Upload   Total   Spent    Left  Speed
  0     0    0     0    0     0      0      0 --:--:-- --:--:-- --:--:--     0100   880  100   880    0     0   3527      0 --:--:-- --:--:-- --:--:--  3534
  % Total    % Received % Xferd  Average Speed   Time    Time     Time  Current
                                 Dload  Upload   Total   Spent    Left  Speed
  0     0    0     0    0     0      0      0 --:--:-- --:--:-- --:--:--     0 71  360M   71  257M    0     0   257M      0  0:00:01 --:--:--  0:00:01  257M100  360M  100  360M    0     0   273M      0  0:00:01  0:00:01 --:--:--  273M
blender-4.5.13-linux-x64.tar.xz: OK
	linux-vdso.so.1 (0x00007feea3637000)
	libblender_cpu_check.so => /home/runner/work/_temp/glasshouse-tools/blender-4.5.13-linux-x64/lib/libblender_cpu_check.so (0x00007feea362b000)
	libtbb.so.12 => /home/runner/work/_temp/glasshouse-tools/blender-4.5.13-linux-x64/lib/libtbb.so.12 (0x00007feea35d3000)
	libutil.so.1 => /lib/x86_64-linux-gnu/libutil.so.1 (0x00007feea35c4000)
	libpthread.so.0 => /lib/x86_64-linux-gnu/libpthread.so.0 (0x00007feea35bf000)
	libdl.so.2 => /lib/x86_64-linux-gnu/libdl.so.2 (0x00007feea35ba000)
	libm.so.6 => /lib/x86_64-linux-gnu/libm.so.6 (0x00007feea34cf000)
	librt.so.1 => /lib/x86_64-linux-gnu/librt.so.1 (0x00007feea34ca000)
	libvulkan.so.1 => /home/runner/work/_temp/glasshouse-tools/blender-4.5.13-linux-x64/lib/libvulkan.so.1 (0x00007feea344f000)
	libX11.so.6 => /lib/x86_64-linux-gnu/libX11.so.6 (0x00007feea3312000)
	libXrender.so.1 => /lib/x86_64-linux-gnu/libXrender.so.1 (0x00007feea3306000)
	libXfixes.so.3 => /lib/x86_64-linux-gnu/libXfixes.so.3 (0x00007feea32fe000)
	libXi.so.6 => /lib/x86_64-linux-gnu/libXi.so.6 (0x00007feea32e9000)
	libxkbcommon.so.0 => /lib/x86_64-linux-gnu/libxkbcommon.so.0 (0x00007feea32a0000)
	libosdGPU.so.3.6.0 => /home/runner/work/_temp/glasshouse-tools/blender-4.5.13-linux-x64/lib/libosdGPU.so.3.6.0 (0x00007feea31ce000)
	libosdCPU.so.3.6.0 => /home/runner/work/_temp/glasshouse-tools/blender-4.5.13-linux-x64/lib/libosdCPU.so.3.6.0 (0x00007feea310b000)
	libIex.so.32 => /home/runner/work/_temp/glasshouse-tools/blender-4.5.13-linux-x64/lib/libIex.so.32 (0x00007feea308c000)
	libOpenEXR.so.32 => /home/runner/work/_temp/glasshouse-tools/blender-4.5.13-linux-x64/lib/libOpenEXR.so.32 (0x00007feea2f56000)
	libOpenEXRCore.so.32 => /home/runner/work/_temp/glasshouse-tools/blender-4.5.13-linux-x64/lib/libOpenEXRCore.so.32 (0x00007feea2e7a000)
	libIlmThread.so.32 => /home/runner/work/_temp/glasshouse-tools/blender-4.5.13-linux-x64/lib/libIlmThread.so.32 (0x00007feea2e6f000)
	libImath.so.30 => /home/runner/work/_temp/glasshouse-tools/blender-4.5.13-linux-x64/lib/libImath.so.30 (0x00007feea2e1e000)
	libMaterialXFormat.so.1 => /home/runner/work/_temp/glasshouse-tools/blender-4.5.13-linux-x64/lib/libMaterialXFormat.so.1 (0x00007feea2dd4000)
	libMaterialXCore.so.1 => /home/runner/work/_temp/glasshouse-tools/blender-4.5.13-linux-x64/lib/libMaterialXCore.so.1 (0x00007feea2cb9000)
	libembree4.so.4 => /home/runner/work/_temp/glasshouse-tools/blender-4.5.13-linux-x64/lib/libembree4.so.4 (0x00007feea1000000)
	libcycles_kernel_oneapi_aot.so => /home/runner/work/_temp/glasshouse-tools/blender-4.5.13-linux-x64/lib/libcycles_kernel_oneapi_aot.so (0x00007fee9f200000)
	libsycl.so.8 => /home/runner/work/_temp/glasshouse-tools/blender-4.5.13-linux-x64/lib/libsycl.so.8 (0x00007fee9ee00000)
	libOpenColorIO.so.2.4 => /home/runner/work/_temp/glasshouse-tools/blender-4.5.13-linux-x64/lib/libOpenColorIO.so.2.4 (0x00007fee9e800000)
	libOpenImageIO.so.3.0 => /home/runner/work/_temp/glasshouse-tools/blender-4.5.13-linux-x64/lib/libOpenImageIO.so.3.0 (0x00007fee9de00000)
	libOpenImageIO_Util.so.3.0 => /home/runner/work/_temp/glasshouse-tools/blender-4.5.13-linux-x64/lib/libOpenImageIO_Util.so.3.0 (0x00007feea2b85000)
	libOpenImageDenoise.so.2 => /home/runner/work/_temp/glasshouse-tools/blender-4.5.13-linux-x64/lib/libOpenImageDenoise.so.2 (0x00007feea2b6b000)
	liboslcomp.so.1.14.4 => /home/runner/work/_temp/glasshouse-tools/blender-4.5.13-linux-x64/lib/liboslcomp.so.1.14.4 (0x00007fee9b600000)
	liboslexec.so.1.14.4 => /home/runner/work/_temp/glasshouse-tools/blender-4.5.13-linux-x64/lib/liboslexec.so.1.14.4 (0x00007fee98400000)
	liboslquery.so.1.14.4 => /home/runner/work/_temp/glasshouse-tools/blender-4.5.13-linux-x64/lib/liboslquery.so.1.14.4 (0x00007feea2b33000)
	liboslnoise.so.1.14.4 => /home/runner/work/_temp/glasshouse-tools/blender-4.5.13-linux-x64/lib/liboslnoise.so.1.14.4 (0x00007feea2b1f000)
	libusd_ms.so => /home/runner/work/_temp/glasshouse-tools/blender-4.5.13-linux-x64/lib/libusd_ms.so (0x00007fee94a00000)
	libopenvdb.so.12.0 => /home/runner/work/_temp/glasshouse-tools/blender-4.5.13-linux-x64/lib/libopenvdb.so.12.0 (0x00007fee91600000)
	libstdc++.so.6 => /lib/x86_64-linux-gnu/libstdc++.so.6 (0x00007fee91200000)
	libc.so.6 => /lib/x86_64-linux-gnu/libc.so.6 (0x00007fee90e00000)
	/lib64/ld-linux-x86-64.so.2 (0x00007feea3639000)
	libgcc_s.so.1 => /lib/x86_64-linux-gnu/libgcc_s.so.1 (0x00007feea2aef000)
	libxcb.so.1 => /lib/x86_64-linux-gnu/libxcb.so.1 (0x00007feea2ac6000)
	libXext.so.6 => /lib/x86_64-linux-gnu/libXext.so.6 (0x00007feea0fec000)
	libur_loader.so.0 => /home/runner/work/_temp/glasshouse-tools/blender-4.5.13-linux-x64/lib/libur_loader.so.0 (0x00007fee8fe00000)
	libOpenImageDenoise_core.so.2.3.3 => /home/runner/work/_temp/glasshouse-tools/blender-4.5.13-linux-x64/lib/libOpenImageDenoise_core.so.2.3.3 (0x00007fee8d000000)
	libSM.so.6 => /lib/x86_64-linux-gnu/libSM.so.6 (0x00007feea0fe2000)
	libICE.so.6 => /lib/x86_64-linux-gnu/libICE.so.6 (0x00007feea0fc6000)
	libGL.so.1 => /lib/x86_64-linux-gnu/libGL.so.1 (0x00007feea0f3f000)
	libMaterialXRender.so.1 => /home/runner/work/_temp/glasshouse-tools/blender-4.5.13-linux-x64/lib/libMaterialXRender.so.1 (0x00007feea0eb1000)
	libMaterialXGenGlsl.so.1 => /home/runner/work/_temp/glasshouse-tools/blender-4.5.13-linux-x64/lib/libMaterialXGenGlsl.so.1 (0x00007fee9e79f000)
	libMaterialXGenMsl.so.1 => /home/runner/work/_temp/glasshouse-tools/blender-4.5.13-linux-x64/lib/libMaterialXGenMsl.so.1 (0x00007fee9e749000)
	libMaterialXGenShader.so.1 => /home/runner/work/_temp/glasshouse-tools/blender-4.5.13-linux-x64/lib/libMaterialXGenShader.so.1 (0x00007fee9491d000)
	libXau.so.6 => /lib/x86_64-linux-gnu/libXau.so.6 (0x00007feea0eab000)
	libXdmcp.so.6 => /lib/x86_64-linux-gnu/libXdmcp.so.6 (0x00007feea0ea3000)
	libuuid.so.1 => /lib/x86_64-linux-gnu/libuuid.so.1 (0x00007fee9f1f6000)
	libbsd.so.0 => /lib/x86_64-linux-gnu/libbsd.so.0 (0x00007fee9f1e0000)
	libGLdispatch.so.0 => /lib/x86_64-linux-gnu/libGLdispatch.so.0 (0x00007fee98348000)
	libGLX.so.0 => /lib/x86_64-linux-gnu/libGLX.so.0 (0x00007fee9b5cd000)
	libmd.so.0 => /lib/x86_64-linux-gnu/libmd.so.0 (0x00007fee9e73a000)
RENDER_ONLY_NATIVE_CYCLES_STARTUP_OK 4.5.13 LTS
Blender 4.5.13 LTS (hash daeeeca98fb0 built 2026-08-25 01:31:19)

Blender quit
No FFmpeg/Pillow/mesa-utils installation: this profile renders PNGs; encode actual frames separately or explicitly use full.
Blender 4.5.13 LTS (hash daeeeca98fb0 built 2026-08-25 01:31:19)
Blender 4.5.13 LTS
	build date: 2026-08-25
	build time: 01:31:19
	build commit date: 2026-08-24
	build commit time: 11:28
	build hash: daeeeca98fb0
	build branch: blender-v4.5-release
	build platform: Linux
	build type: Release
	build c flags:  -Wall -Werror=implicit-function-declaration -Wstrict-prototypes -Werror=return-type -Werror=vla -Wmissing-prototypes -Wno-char-subscripts -Wno-unknown-pragmas -Wpointer-arith -Wunused-parameter -Wwrite-strings -Wlogical-op -Wundef -Winit-self -Wmissing-include-dirs -Wno-div-by-zero -Wtype-limits -Wformat-signedness -Wrestrict -Wno-stringop-overread -Wno-stringop-overflow -Wnonnull -Wabsolute-value -Wuninitialized -Wredundant-decls -Wshadow -Wimplicit-fallthrough=5 -Wno-error=unused-but-set-variable  -march=x86-64-v2 -std=gnu11 -pipe -fPIC -funsigned-char -fno-strict-aliasing -ffp-contract=off  
	build c++ flags:  -Wuninitialized -Wredundant-decls -Wall -Wno-invalid-offsetof -Wno-sign-compare -Wlogical-op -Winit-self -Wmissing-include-dirs -Wno-div-by-zero -Wtype-limits -Werror=return-type -Wno-char-subscripts -Wno-unknown-pragmas -Wpointer-arith -Wunused-parameter -Wwrite-strings -Wundef -Wcomma-subscript -Wformat-signedness -Wrestrict -Wno-suggest-override -Wuninitialized -Wno-stringop-overread -Wno-stringop-overflow -Wimplicit-fallthrough=5 -Wundef -Wmissing-declarations  -march=x86-64-v2 -pipe -fPIC -funsigned-char -fno-strict-aliasing -ffp-contract=off  
	build link flags:  -Wl,--version-script='/home/blender/git/blender-v450/blender.git/source/creator/symbols_unix.map'
	build system: CMake
