Blender 4.5.13 LTS (hash daeeeca98fb0 built 2026-08-25 01:31:19)
Fra:1 Mem:8.42M (Peak 8.42M) | Time:00:00.00 | Mem:0.00M, Peak:0.00M | Scene, ViewLayer | Synchronizing object | Cube
Fra:1 Mem:8.43M (Peak 8.43M) | Time:00:00.00 | Mem:0.00M, Peak:0.00M | Scene, ViewLayer | Synchronizing object | Light
Fra:1 Mem:8.43M (Peak 8.43M) | Time:00:00.00 | Mem:0.00M, Peak:0.00M | Scene, ViewLayer | Initializing
Fra:1 Mem:8.24M (Peak 8.43M) | Time:00:00.00 | Mem:0.00M, Peak:0.00M | Scene, ViewLayer | Waiting for render to start
Fra:1 Mem:8.24M (Peak 8.43M) | Time:00:00.00 | Mem:0.00M, Peak:0.00M | Scene, ViewLayer | Updating Scene
Fra:1 Mem:8.24M (Peak 8.43M) | Time:00:00.00 | Mem:0.00M, Peak:0.00M | Scene, ViewLayer | Updating Shaders
Fra:1 Mem:8.24M (Peak 8.43M) | Time:00:00.00 | Mem:0.00M, Peak:0.00M | Scene, ViewLayer | Loading render kernels (may take a few minutes the first time)
Fra:1 Mem:8.33M (Peak 8.43M) | Time:00:00.00 | Mem:0.00M, Peak:0.00M | Scene, ViewLayer | Updating Procedurals
Fra:1 Mem:8.33M (Peak 8.43M) | Time:00:00.00 | Mem:0.00M, Peak:0.00M | Scene, ViewLayer | Updating Background
Fra:1 Mem:8.33M (Peak 8.43M) | Time:00:00.00 | Mem:0.00M, Peak:0.00M | Scene, ViewLayer | Updating Camera
Fra:1 Mem:8.33M (Peak 8.43M) | Time:00:00.00 | Mem:0.00M, Peak:0.00M | Scene, ViewLayer | Updating Meshes Flags
Fra:1 Mem:8.33M (Peak 8.43M) | Time:00:00.00 | Mem:0.00M, Peak:0.00M | Scene, ViewLayer | Updating Objects
Fra:1 Mem:8.33M (Peak 8.43M) | Time:00:00.00 | Mem:0.00M, Peak:0.00M | Scene, ViewLayer | Updating Objects | Copying Transformations to device
Fra:1 Mem:8.33M (Peak 8.43M) | Time:00:00.00 | Mem:0.00M, Peak:0.00M | Scene, ViewLayer | Updating Particle Systems
Fra:1 Mem:8.33M (Peak 8.43M) | Time:00:00.00 | Mem:0.00M, Peak:0.00M | Scene, ViewLayer | Updating Particle Systems | Copying Particles to device
Fra:1 Mem:8.33M (Peak 8.43M) | Time:00:00.00 | Mem:0.00M, Peak:0.00M | Scene, ViewLayer | Updating Meshes
Fra:1 Mem:8.33M (Peak 8.43M) | Time:00:00.00 | Mem:0.00M, Peak:0.00M | Scene, ViewLayer | Updating Objects | Applying Static Transformations
Fra:1 Mem:8.33M (Peak 8.43M) | Time:00:00.00 | Mem:0.00M, Peak:0.00M | Scene, ViewLayer | Updating Mesh | Computing attributes
Fra:1 Mem:8.33M (Peak 8.43M) | Time:00:00.00 | Mem:0.00M, Peak:0.00M | Scene, ViewLayer | Updating Mesh | Copying Attributes to device
Fra:1 Mem:8.33M (Peak 8.43M) | Time:00:00.00 | Mem:0.00M, Peak:0.00M | Scene, ViewLayer | Updating Scene BVH | Building
Fra:1 Mem:8.33M (Peak 8.43M) | Time:00:00.00 | Mem:0.00M, Peak:0.00M | Scene, ViewLayer | Updating Scene BVH | Building BVH
Fra:1 Mem:8.33M (Peak 8.43M) | Time:00:00.00 | Mem:0.00M, Peak:0.00M | Scene, ViewLayer | Updating Scene BVH | Building BVH 0%
Fra:1 Mem:8.33M (Peak 8.43M) | Time:00:00.00 | Mem:0.00M, Peak:0.00M | Scene, ViewLayer | Updating Scene BVH | Copying BVH to device
Fra:1 Mem:8.33M (Peak 8.43M) | Time:00:00.00 | Mem:0.00M, Peak:0.00M | Scene, ViewLayer | Updating Mesh | Computing normals
Fra:1 Mem:8.33M (Peak 8.43M) | Time:00:00.00 | Mem:0.00M, Peak:0.00M | Scene, ViewLayer | Updating Mesh | Copying Mesh to device
Fra:1 Mem:8.33M (Peak 8.43M) | Time:00:00.00 | Mem:0.00M, Peak:0.00M | Scene, ViewLayer | Updating Objects Flags
Fra:1 Mem:8.33M (Peak 8.43M) | Time:00:00.00 | Mem:0.00M, Peak:0.00M | Scene, ViewLayer | Updating Primitive Offsets
Fra:1 Mem:8.33M (Peak 8.43M) | Time:00:00.00 | Mem:0.00M, Peak:0.00M | Scene, ViewLayer | Updating Images
Fra:1 Mem:8.33M (Peak 8.43M) | Time:00:00.00 | Mem:0.00M, Peak:0.00M | Scene, ViewLayer | Updating Camera Volume
Fra:1 Mem:8.33M (Peak 8.43M) | Time:00:00.00 | Mem:0.00M, Peak:0.00M | Scene, ViewLayer | Updating Lookup Tables
Fra:1 Mem:8.33M (Peak 8.43M) | Time:00:00.00 | Mem:0.08M, Peak:0.08M | Scene, ViewLayer | Updating Lights
Fra:1 Mem:8.33M (Peak 8.43M) | Time:00:00.00 | Mem:0.09M, Peak:0.09M | Scene, ViewLayer | Updating Lights | Computing tree
Fra:1 Mem:8.33M (Peak 8.43M) | Time:00:00.00 | Mem:0.09M, Peak:0.09M | Scene, ViewLayer | Updating Integrator
Fra:1 Mem:8.33M (Peak 8.43M) | Time:00:00.00 | Mem:0.09M, Peak:0.09M | Scene, ViewLayer | Updating Film
Fra:1 Mem:8.33M (Peak 8.43M) | Time:00:00.00 | Mem:0.00M, Peak:0.09M | Scene, ViewLayer | Updating Lookup Tables
Fra:1 Mem:8.33M (Peak 8.43M) | Time:00:00.00 | Mem:0.09M, Peak:0.09M | Scene, ViewLayer | Updating Baking
Fra:1 Mem:8.33M (Peak 8.43M) | Time:00:00.00 | Mem:0.09M, Peak:0.09M | Scene, ViewLayer | Updating Device | Writing constant memory
Fra:1 Mem:8.34M (Peak 8.43M) | Time:00:00.00 | Mem:0.09M, Peak:0.09M | Scene, ViewLayer | Loading denoising kernels (may take a few minutes the first time)
Fra:1 Mem:8.34M (Peak 8.43M) | Time:00:00.00 | Mem:0.09M, Peak:0.09M | Scene, ViewLayer | Sample 0/8
Fra:1 Mem:12.55M (Peak 12.55M) | Time:00:00.01 | Remaining:00:00.07 | Mem:4.26M, Peak:4.26M | Scene, ViewLayer | Sample 1/8
Fra:1 Mem:14.31M (Peak 16.95M) | Time:00:00.67 | Mem:4.26M, Peak:4.26M | Scene, ViewLayer | Sample 8/8
Fra:1 Mem:14.31M (Peak 16.95M) | Time:00:00.67 | Mem:4.26M, Peak:4.26M | Scene, ViewLayer | Finished
Saved: '/home/runner/work/future/future/evidence/tool-probe/diagnostic.png'
Time: 00:00.73 (Saving: 00:00.06)

Info: Saved as "diagnostic.blend"
{"blender": "4.5.13 LTS", "python": "3.11.15 (main, Apr 25 2025, 12:39:20) [GCC 11.2.1 20220127 (Red Hat 11.2.1-9)]", "engine": "CYCLES", "device": "CPU", "probe_seconds": 0.7339218129999949, "samples": 8, "resolution": [320, 180], "build_hash": "daeeeca98fb0", "scene_saved": true, "original_png_bytes": 50118, "visual_status": "FACTORY_SCENE_TECHNICAL_PROBE_NOT_ART"}

Blender quit
