17:41:47 | INFO: Data are loaded, start creating Blender stuff
17:41:47 | INFO: Blender create Mesh node Plane.002
17:41:49 | INFO: glTF import finished in 1.61s
{
  "blender": "4.5.13 LTS",
  "parent_sha256": "173da1291bff8a39da704539c737e21f9b2d739e3d32a106f629601bc2abefdc",
  "source_objects": [
    {
      "name": "Complete_cliff_mass",
      "bounds": [
        [
          -31.456497192382812,
          -25.563236236572266,
          -23.716617584228516
        ],
        [
          30.125680923461914,
          19.986953735351562,
          -0.649999737739563
        ]
      ],
      "location": [
        0.0,
        0.0,
        0.0
      ],
      "matrix_world": [
        [
          1.0,
          0.0,
          0.0,
          0.0
        ],
        [
          0.0,
          1.0,
          0.0,
          0.0
        ],
        [
          0.0,
          0.0,
          1.0,
          0.0
        ],
        [
          0.0,
          0.0,
          0.0,
          1.0
        ]
      ],
      "vertices": 160,
      "polygons": 122,
      "smooth_faces": 0,
      "normals": [
        [
          0.9897161722183228,
          0.061518240720033646,
          -0.12914110720157623
        ],
        [
          0.9311793446540833,
          0.3459947407245636,
          -0.11485926806926727
        ],
        [
          0.49030447006225586,
          0.8680113554000854,
          -0.07847127318382263
        ],
        [
          0.9686768054962158,
          0.22939196228981018,
          -0.09510305523872375
        ],
        [
          0.5714213252067566,
          0.81620854139328,
          -0.0853307917714119
        ],
        [
          0.618320643901825,
          0.779990017414093,
          -0.09641185402870178
        ],
        [
          0.1907397210597992,
          0.9771493673324585,
          -0.09379548579454422
        ],
        [
          0.3445272743701935,
          0.934121310710907,
          -0.0933728739619255
        ],
        [
          0.33860430121421814,
          0.936724066734314,
          -0.08885381370782852
        ],
        [
          -0.07619064301252365,
          0.9933829307556152,
          -0.08593865483999252
        ],
        [
          0.07534949481487274,
          0.9938812851905823,
          -0.08076126128435135
        ],
        [
          -0.43726107478141785,
          0.8951035737991333,
          -0.08713384717702866
        ],
        [
          -0.2661464810371399,
          0.9595340490341187,
          -0.09198120981454849
        ],
        [
          -0.0800585150718689,
          0.9938800930976868,
          -0.07611215859651566
        ],
        [
          -0.7064942717552185,
          0.7015698552131653,
          -0.0930885300040245
        ],
        [
          -0.6246677041053772,
          0.7743983268737793,
          -0.10048579424619675
        ],
        [
          -0.669564962387085,
          0.7353968024253845,
          -0.10427948832511902
        ],
        [
          -0.9833111763000488,
          0.1459268480539322,
          -0.10864796489477158
        ],
        [
          -0.9947328567504883,
          0.011923284269869328,
          -0.10180534422397614
        ],
        [
          -0.7574537396430969,
          0.6474168300628662,
          -0.08435315638780594
        ],
        [
          -0.9530269503593445,
          -0.27894264459609985,
          -0.11802799999713898
        ],
        [
          -0.9658267498016357,
          -0.230085551738739,
          -0.11932796239852905
        ],
        [
          -0.8570234179496765,
          -0.5032692551612854,
          -0.110592782497406
        ],
        [
          -0.9310311675071716,
          -0.3485563099384308,
          -0.10811777412891388
        ],
        [
          -0.3360636830329895,
          -0.9377332925796509,
          -0.08784914016723633
        ],
        [
          -0.7751827836036682,
          -0.6227559447288513,
          -0.10614479333162308
        ],
        [
          -0.19804520905017853,
          -0.976464569568634,
          -0.08541108667850494
        ],
        [
          -0.42684242129325867,
          -0.900120735168457,
          -0.08711083233356476
        ],
        [
          -0.22762317955493927,
          -0.969769299030304,
          -0.08795047551393509
        ],
        [
          0.13783399760723114,
          -0.9863516092300415,
          -0.0900690108537674
        ],
        [
          0.20699819922447205,
          -0.9743637442588806,
          -0.08813168853521347
        ],
        [
          -0.057337500154972076,
          -0.9942945837974548,
          -0.08994819223880768
        ],
        [
          0.17259490489959717,
          -0.9799848794937134,
          -0.09920011460781097
        ],
        [
          0.4927248954772949,
          -0.8641200661659241,
          -0.1025606021285057
        ],
        [
          0.6419179439544678,
          -0.7593562602996826,
          -0.10639216750860214
        ],
        [
          0.5589706301689148,
          -0.8230495452880859,
          -0.10070404410362244
        ],
        [
          0.9544649720191956,
          -0.2789084017276764,
          -0.10586197674274445
        ],
        [
          0.8909226655960083,
          -0.4413507878780365,
          -0.10708069801330566
        ],
        [
          0.887709379196167,
          -0.4473327100276947,
          -0.10892804712057114
        ],
        [
          0.8169202208518982,
          -0.5664426684379578,
          -0.10855455696582794
        ],
        [
          0.9626913070678711,
          0.08239763975143433,
          0.2577518820762634
        ],
        [
          0.9079774022102356,
          0.3270248770713806,
          0.2619766891002655
        ],
        [
          0.48196282982826233,
          0.8562334179878235,
          0.18594662845134735
        ],
        [
          0.9535977840423584,
          0.18686680495738983,
          0.23607653379440308
        ],
        [
          0.5594156980514526,
          0.7936106324195862,
          0.23924081027507782
        ],
        [
          0.5863550901412964,
          0.77797931432724,
          0.2256901115179062
        ],
        [
          0.16793958842754364,
          0.967930793762207,
          0.1868319809436798
        ],
        [
          0.3622421324253082,
          0.908544659614563,
          0.20815172791481018
        ],
        [
          0.33073949813842773,
          0.9228402972221375,
          0.19742634892463684
        ],
        [
          -0.07921601831912994,
          0.9775528907775879,
          0.19523099064826965
        ]
      ],
      "materials": [
        "G4_dark_coastal_rock"
      ]
    },
    {
      "name": "Ocean_extent",
      "bounds": [
        [
          -800.0,
          -800.0,
          -22.25
        ],
        [
          800.0,
          800.0,
          -22.150001525878906
        ]
      ],
      "location": [
        0.0,
        0.0,
        -22.200000762939453
      ],
      "matrix_world": [
        [
          1.0,
          0.0,
          0.0,
          0.0
        ],
        [
          0.0,
          1.0,
          0.0,
          0.0
        ],
        [
          0.0,
          0.0,
          1.0,
          -22.200000762939453
        ],
        [
          0.0,
          0.0,
          0.0,
          1.0
        ]
      ],
      "vertices": 8,
      "polygons": 6,
      "smooth_faces": 0,
      "normals": [
        [
          -1.0,
          -0.0,
          0.0
        ],
        [
          0.0,
          1.0,
          0.0
        ],
        [
          1.0,
          -0.0,
          0.0
        ],
        [
          0.0,
          -1.0,
          0.0
        ],
        [
          0.0,
          0.0,
          -1.0
        ],
        [
          0.0,
          -0.0,
          1.0
        ]
      ],
      "materials": [
        "G4_rainy_ocean"
      ]
    },
    {
      "name": "Load_bearing_masonry_terrace",
      "bounds": [
        [
          -18.0,
          -8.600000381469727,
          -0.6749999523162842
        ],
        [
          18.0,
          15.399999618530273,
          -0.025000005960464478
        ]
      ],
      "location": [
        0.0,
        3.4000000953674316,
        -0.3499999940395355
      ],
      "matrix_world": [
        [
          1.0,
          0.0,
          0.0,
          0.0
        ],
        [
          0.0,
          1.0,
          0.0,
          3.4000000953674316
        ],
        [
          0.0,
          0.0,
          1.0,
          -0.3499999940395355
        ],
        [
          0.0,
          0.0,
          0.0,
          1.0
        ]
      ],
      "vertices": 8,
      "polygons": 6,
      "smooth_faces": 0,
      "normals": [
        [
          -1.0,
          -0.0,
          0.0
        ],
        [
          0.0,
          1.0,
          0.0
        ],
        [
          1.0,
          -0.0,
          0.0
        ],
        [
          0.0,
          -1.0,
          0.0
        ],
        [
          0.0,
          0.0,
          -1.0
        ],
        [
          0.0,
          -0.0,
          1.0
        ]
      ],
      "materials": [
        "G4_weathered_grey_masonry"
      ]
    },
    {
      "name": "Cab_complete_roof_loft",
      "bounds": [
        [
          -6.069999694824219,
          10.710000038146973,
          3.3361103534698486
        ],
        [
          -5.2131266593933105,
          13.49000072479248,
          4.070000171661377
        ]
      ],
      "location": [
        0.0,
        0.0,
        0.0
      ],
      "matrix_world": [
        [
          1.0,
          0.0,
          0.0,
          2.0
        ],
        [
          0.0,
          1.0,
          0.0,
          12.100000381469727
        ],
        [
          0.0,
          0.0,
          1.0,
          0.0
        ],
        [
          0.0,
          0.0,
          0.0,
          1.0
        ]
      ],
      "vertices": 50,
      "polygons": 24,
      "smooth_faces": 0,
      "normals": [
        [
          -0.3462418019771576,
          -0.9169212579727173,
          0.19842411577701569
        ],
        [
          -0.28162917494773865,
          -0.8010526895523071,
          0.5282042622566223
        ],
        [
          -0.2779031991958618,
          -0.6410515308380127,
          0.7154179215431213
        ],
        [
          -0.3114010989665985,
          -0.5054253935813904,
          0.8047201037406921
        ],
        [
          -0.3572864234447479,
          -0.40079793334007263,
          0.8436276316642761
        ],
        [
          -0.40221700072288513,
          -0.3192780315876007,
          0.8580693602561951
        ],
        [
          -0.4407676160335541,
          -0.25330910086631775,
          0.8611378073692322
        ],
        [
          -0.4715082347393036,
          -0.1975480616092682,
          0.8594502806663513
        ],
        [
          -0.49469685554504395,
          -0.14840947091579437,
          0.856299877166748
        ],
        [
          -0.5111221671104431,
          -0.10350284725427628,
          0.8532533645629883
        ],
        [
          -0.5215784311294556,
          -0.06118203327059746,
          0.851006805896759
        ],
        [
          -0.5266543626785278,
          -0.020246705040335655,
          0.8498384356498718
        ],
        [
          -0.5266543626785278,
          0.020246705040335655,
          0.8498384356498718
        ],
        [
          -0.5215784311294556,
          0.06118203327059746,
          0.851006805896759
        ],
        [
          -0.5111221671104431,
          0.10350284725427628,
          0.8532533645629883
        ],
        [
          -0.49469685554504395,
          0.14840947091579437,
          0.856299877166748
        ],
        [
          -0.4715082347393036,
          0.1975480616092682,
          0.8594502806663513
        ],
        [
          -0.4407676160335541,
          0.25330910086631775,
          0.8611378073692322
        ],
        [
          -0.40221700072288513,
          0.3192780315876007,
          0.8580693602561951
        ],
        [
          -0.3572864234447479,
          0.40079793334007263,
          0.8436276316642761
        ],
        [
          -0.3114010989665985,
          0.5054253935813904,
          0.8047201037406921
        ],
        [
          -0.2779031991958618,
          0.6410515308380127,
          0.7154179215431213
        ],
        [
          -0.28162917494773865,
          0.8010526895523071,
          0.5282042622566223
        ],
        [
          -0.3462418019771576,
          0.9169212579727173,
          0.19842411577701569
        ]
      ],
      "materials": [
        "G4_train_graphite_roof"
      ]
    },
    {
      "name": "Cab_complete_roof_loft.001",
      "bounds": [
        [
          9.25,
          10.6458158493042,
          3.3499999046325684
        ],
        [
          10.106873512268066,
          13.554184913635254,
          4.129500865936279
        ]
      ],
      "location": [
        0.0,
        0.0,
        0.0
      ],
      "matrix_world": [
        [
          1.0,
          0.0,
          0.0,
          2.0
        ],
        [
          0.0,
          1.0,
          0.0,
          12.100000381469727
        ],
        [
          0.0,
          0.0,
          1.0,
          0.0
        ],
        [
          0.0,
          0.0,
          0.0,
          1.0
        ]
      ],
      "vertices": 50,
      "polygons": 24,
      "smooth_faces": 0,
      "normals": [
        [
          -0.3462418019771576,
          0.9169212579727173,
          -0.19842411577701569
        ],
        [
          -0.28162917494773865,
          0.8010526895523071,
          -0.5282042622566223
        ],
        [
          -0.2779031991958618,
          0.6410515308380127,
          -0.7154179215431213
        ],
        [
          -0.3114010989665985,
          0.5054253935813904,
          -0.8047201037406921
        ],
        [
          -0.3572864234447479,
          0.40079793334007263,
          -0.8436276316642761
        ],
        [
          -0.40221700072288513,
          0.3192780315876007,
          -0.8580693602561951
        ],
        [
          -0.4407676160335541,
          0.25330910086631775,
          -0.8611378073692322
        ],
        [
          -0.4715082347393036,
          0.1975480616092682,
          -0.8594502806663513
        ],
        [
          -0.49469685554504395,
          0.14840947091579437,
          -0.856299877166748
        ],
        [
          -0.5111221671104431,
          0.10350284725427628,
          -0.8532533645629883
        ],
        [
          -0.5215784311294556,
          0.06118203327059746,
          -0.851006805896759
        ],
        [
          -0.5266543626785278,
          0.020246705040335655,
          -0.8498384356498718
        ],
        [
          -0.5266543626785278,
          -0.020246705040335655,
          -0.8498384356498718
        ],
        [
          -0.5215784311294556,
          -0.06118203327059746,
          -0.851006805896759
        ],
        [
          -0.5111221671104431,
          -0.10350284725427628,
          -0.8532533645629883
        ],
        [
          -0.49469685554504395,
          -0.14840947091579437,
          -0.856299877166748
        ],
        [
          -0.4715082347393036,
          -0.1975480616092682,
          -0.8594502806663513
        ],
        [
          -0.4407676160335541,
          -0.25330910086631775,
          -0.8611378073692322
        ],
        [
          -0.40221700072288513,
          -0.3192780315876007,
          -0.8580693602561951
        ],
        [
          -0.3572864234447479,
          -0.40079793334007263,
          -0.8436276316642761
        ],
        [
          -0.3114010989665985,
          -0.5054253935813904,
          -0.8047201037406921
        ],
        [
          -0.2779031991958618,
          -0.6410515308380127,
          -0.7154179215431213
        ],
        [
          -0.28162917494773865,
          -0.8010526895523071,
          -0.5282042622566223
        ],
        [
          -0.3462418019771576,
          -0.9169212579727173,
          -0.19842411577701569
        ]
      ],
      "materials": [
        "G4_train_graphite_roof"
      ]
    },
    {
      "name": "Car_complete_barrel_roof",
      "bounds": [
        [
          -5.25,
          10.645130157470703,
          3.3499999046325684
        ],
        [
          9.25,
          13.55487060546875,
          4.135000228881836
        ]
      ],
      "location": [
        0.0,
        0.0,
        0.0
      ],
      "matrix_world": [
        [
          1.0,
          0.0,
          0.0,
          2.0
        ],
        [
          0.0,
          1.0,
          0.0,
          12.100000381469727
        ],
        [
          0.0,
          0.0,
          1.0,
          0.0
        ],
        [
          0.0,
          0.0,
          0.0,
          1.0
        ]
      ],
      "vertices": 98,
      "polygons": 48,
      "smooth_faces": 0,
      "normals": [
        [
          0.0,
          0.9980089068412781,
          -0.06307318061590195
        ],
        [
          0.0,
          0.9823986887931824,
          -0.1867963671684265
        ],
        [
          0.0,
          0.9527726769447327,
          -0.3036844730377197
        ],
        [
          0.0,
          0.9118740558624268,
          -0.41047006845474243
        ],
        [
          0.0,
          0.862915575504303,
          -0.5053482055664062
        ],
        [
          0.0,
          0.808991551399231,
          -0.587820291519165
        ],
        [
          0.0,
          0.7526797652244568,
          -0.658386766910553
        ],
        [
          0.0,
          0.6959179043769836,
          -0.718121349811554
        ],
        [
          0.0,
          0.6400271654129028,
          -0.768352210521698
        ],
        [
          0.0,
          0.5858237743377686,
          -0.8104383945465088
        ],
        [
          0.0,
          0.5337445735931396,
          -0.8456458449363708
        ],
        [
          0.0,
          0.48396459221839905,
          -0.8750876188278198
        ],
        [
          0.0,
          0.4364924430847168,
          -0.8997079133987427
        ],
        [
          0.0,
          0.39121681451797485,
          -0.9202985167503357
        ],
        [
          0.0,
          0.3479861319065094,
          -0.9374996423721313
        ],
        [
          0.0,
          0.3065919876098633,
          -0.9518409967422485
        ],
        [
          0.0,
          0.2668284773826599,
          -0.963744044303894
        ],
        [
          0.0,
          0.22849105298519135,
          -0.9735460877418518
        ],
        [
          0.0,
          0.19135217368602753,
          -0.9815214276313782
        ],
        [
          0.0,
          0.1552218198776245,
          -0.9878796935081482
        ],
        [
          0.0,
          0.11990578472614288,
          -0.9927852749824524
        ],
        [
          0.0,
          0.08521176129579544,
          -0.9963628053665161
        ],
        [
          0.0,
          0.05095134675502777,
          -0.9987011551856995
        ],
        [
          0.0,
          0.016955086961388588,
          -0.9998562335968018
        ],
        [
          0.0,
          -0.016955086961388588,
          -0.9998562335968018
        ],
        [
          0.0,
          -0.05095134675502777,
          -0.9987011551856995
        ],
        [
          0.0,
          -0.08521176129579544,
          -0.9963628053665161
        ],
        [
          0.0,
          -0.11990578472614288,
          -0.9927852749824524
        ],
        [
          0.0,
          -0.1552218198776245,
          -0.9878796935081482
        ],
        [
          0.0,
          -0.19135217368602753,
          -0.9815214276313782
        ],
        [
          0.0,
          -0.22849105298519135,
          -0.9735460877418518
        ],
        [
          0.0,
          -0.2668284773826599,
          -0.963744044303894
        ],
        [
          0.0,
          -0.3065919876098633,
          -0.9518409967422485
        ],
        [
          0.0,
          -0.3479861319065094,
          -0.9374996423721313
        ],
        [
          0.0,
          -0.39121681451797485,
          -0.9202985167503357
        ],
        [
          0.0,
          -0.4364924430847168,
          -0.8997079133987427
        ],
        [
          0.0,
          -0.48396459221839905,
          -0.8750876188278198
        ],
        [
          0.0,
          -0.5337445735931396,
          -0.8456458449363708
        ],
        [
          0.0,
          -0.5858237743377686,
          -0.8104383945465088
        ],
        [
          0.0,
          -0.6400271654129028,
          -0.768352210521698
        ],
        [
          0.0,
          -0.6959179043769836,
          -0.718121349811554
        ],
        [
          0.0,
          -0.7526797652244568,
          -0.658386766910553
        ],
        [
          0.0,
          -0.808991551399231,
          -0.587820291519165
        ],
        [
          0.0,
          -0.862915575504303,
          -0.5053482055664062
        ],
        [
          0.0,
          -0.9118740558624268,
          -0.41047006845474243
        ],
        [
          0.0,
          -0.9527726769447327,
          -0.3036844730377197
        ],
        [
          0.0,
          -0.9823986887931824,
          -0.1867963671684265
        ],
        [
          0.0,
          -0.9980089068412781,
          -0.06307318061590195
        ]
      ],
      "materials": [
        "G4_train_graphite_roof"
      ]
    }
  ],
  "api": {
    "geometry_mode": {
      "type": "ENUM",
      "value": "GENERATE",
      "enum": [
        "GENERATE",
        "DISPLACE"
      ]
    },
    "size": {
      "type": "FLOAT",
      "value": 1.0,
      "enum": null
    },
    "repeat_x": {
      "type": "INT",
      "value": 1,
      "enum": null
    },
    "repeat_y": {
      "type": "INT",
      "value": 1,
      "enum": null
    },
    "use_foam": {
      "type": "BOOLEAN",
      "value": false,
      "enum": null
    },
    "resolution": {
      "type": "INT",
      "value": 7,
      "enum": null
    },
    "viewport_resolution": {
      "type": "INT",
      "value": 7,
      "enum": null
    },
    "spatial_size": {
      "type": "INT",
      "value": 50,
      "enum": null
    },
    "wind_velocity": {
      "type": "FLOAT",
      "value": 30.0,
      "enum": null
    },
    "wave_scale_min": {
      "type": "FLOAT",
      "value": 0.009999999776482582,
      "enum": null
    },
    "wave_alignment": {
      "type": "FLOAT",
      "value": 0.0,
      "enum": null
    },
    "wave_direction": {
      "type": "FLOAT",
      "value": 0.0,
      "enum": null
    },
    "wave_scale": {
      "type": "FLOAT",
      "value": 1.0,
      "enum": null
    },
    "depth": {
      "type": "FLOAT",
      "value": 200.0,
      "enum": null
    },
    "foam_coverage": {
      "type": "FLOAT",
      "value": 0.0,
      "enum": null
    },
    "foam_layer_name": {
      "type": "STRING",
      "value": "",
      "enum": null
    },
    "choppiness": {
      "type": "FLOAT",
      "value": 1.0,
      "enum": null
    },
    "time": {
      "type": "FLOAT",
      "value": 1.0,
      "enum": null
    },
    "spectrum": {
      "type": "ENUM",
      "value": "PHILLIPS",
      "enum": [
        "PHILLIPS",
        "PIERSON_MOSKOWITZ",
        "JONSWAP",
        "TEXEL_MARSEN_ARSLOE"
      ]
    },
    "random_seed": {
      "type": "INT",
      "value": 0,
      "enum": null
    }
  },
  "render_calls": 0,
  "source_save_calls": 0,
  "scan": {
    "entry": "coastal_cliff_04/coastal_cliff_04_2k.gltf",
    "objects": [
      {
        "name": "coastal_cliff_04",
        "bounds": [
          [
            -47.42515563964844,
            -15.209741592407227,
            -0.647914469242096
          ],
          [
            39.346824645996094,
            9.037689208984375,
            10.351794242858887
          ]
        ],
        "vertices": 789032,
        "polygons": 1537926,
        "uv": [
          "UVMap"
        ],
        "materials": [
          "coastal_cliff_04"
        ],
        "area_weighted_normal": [
          -0.0041754115372896194,
          -0.2809228003025055,
          0.4939770996570587
        ],
        "face_area_direction_bins": {
          "+X": 205.34034765314982,
          "-X": 201.28644964207888,
          "+Y": 123.81954946852056,
          "-Y": 717.2491489087975,
          "+Z": 1289.1808793404973,
          "-Z": 62.0545093079088
        }
      }
    ]
  },
  "ocean_tests": [
    {
      "time": 15.0,
      "vertices": 21025,
      "zmin": -1.5976566076278687,
      "zmax": 1.4609344005584717,
      "z_rms": 0.5268743695943157,
      "attributes": [
        [
          "position",
          "FLOAT_VECTOR",
          "POINT"
        ],
        [
          ".edge_verts",
          "INT32_2D",
          "EDGE"
        ],
        [
          ".corner_vert",
          "INT",
          "CORNER"
        ],
        [
          ".corner_edge",
          "INT",
          "CORNER"
        ],
        [
          "OceanFoam",
          "BYTE_COLOR",
          "CORNER"
        ],
        [
          "UVMap",
          "FLOAT2",
          "CORNER"
        ]
      ]
    },
    {
      "time": 15.25,
      "vertices": 21025,
      "zmin": -1.6451793909072876,
      "zmax": 1.5412172079086304,
      "z_rms": 0.5487625716912301,
      "attributes": [
        [
          "position",
          "FLOAT_VECTOR",
          "POINT"
        ],
        [
          ".edge_verts",
          "INT32_2D",
          "EDGE"
        ],
        [
          ".corner_vert",
          "INT",
          "CORNER"
        ],
        [
          ".corner_edge",
          "INT",
          "CORNER"
        ],
        [
          "OceanFoam",
          "BYTE_COLOR",
          "CORNER"
        ],
        [
          "UVMap",
          "FLOAT2",
          "CORNER"
        ]
      ]
    }
  ],
  "source_master_unchanged": true
}
Blender 4.5.13 LTS (hash daeeeca98fb0 built 2026-08-25 01:31:19)
Read blend: "/home/runner/work/future/future/workspaces/glasshouse-terminus/output/g4-r02/g4-full-scene-candidate.blend"

Blender quit
