/opt/hostedtoolcache/Python/3.11.16/x64/lib/python3.11/site-packages/chronos/chronos_bolt.py:546: UserWarning: We recommend keeping prediction length <= 64. The quality of longer predictions may degrade since the model is not optimized for it. 
  warnings.warn(msg)
INFERENCE 0 / 912 seconds 0.61
INFERENCE 0 / 912 seconds 0.06
/opt/hostedtoolcache/Python/3.11.16/x64/lib/python3.11/site-packages/chronos/chronos_bolt.py:546: UserWarning: We recommend keeping prediction length <= 64. The quality of longer predictions may degrade since the model is not optimized for it. 
  warnings.warn(msg)
INFERENCE 0 / 912 seconds 0.53
INFERENCE 0 / 912 seconds 0.05
/opt/hostedtoolcache/Python/3.11.16/x64/lib/python3.11/site-packages/chronos/chronos_bolt.py:546: UserWarning: We recommend keeping prediction length <= 64. The quality of longer predictions may degrade since the model is not optimized for it. 
  warnings.warn(msg)
INFERENCE 0 / 912 seconds 0.95
INFERENCE 0 / 912 seconds 0.04
SUMMARY {
  "scope": "E1 exploratory extension; reused E0 test origins; not confirmatory",
  "cases": 2736,
  "method_is_novel": false,
  "no_hidden_outage_values_in_inputs": true,
  "no_extended_history": true,
  "macro": {
    "mase_bridge": 1.1367547989494726,
    "coverage80_bridge": 0.6881381241732804,
    "width80_scaled_bridge": 2.541999278536958,
    "mase_clock_blind_control": 2.8214571102389385,
    "coverage80_clock_blind_control": 0.41682426008597884,
    "width80_scaled_clock_blind_control": 2.46682907013334
  }
}
RUNTIME {
  "model": {
    "id": "amazon/chronos-bolt-tiny",
    "revision": "a0e552de83495b5c28c14c71c374f3e33280b340",
    "pretraining_overlap": "not audited; do not claim strict zero-shot"
  },
  "class": "ChronosBoltPipeline",
  "run_id": "34238612233",
  "commit": "3e9222c327d38dbee9d55ca7dcfd17dff9e63308",
  "source_run": "34237152841",
  "python": "3.11.16",
  "torch": "2.8.0+cpu",
  "cpus": 4,
  "cuda": false,
  "load_seconds": 0.9838705899999951,
  "code_sha256": "8e3a2399fece5e84eaeef6e041f28de9a4f9187335b9d290d28ba73d911e73c4",
  "helper_sha256": "129330a1ab9fe8535b9379aef92078434bd47449046a949b2096ba34ec9120f2",
  "source_cases_sha256": "bae8584b053d16a2a36f7a708463f16b093ef5df6c159f21794397304a775bca",
  "source_selected_series_sha256": "d84fb28f8ec1a70099dc92135bcc75e0b022bfd2ecddc8103426f6eefc399d51",
  "by_gap": [
    {
      "gap": 42,
      "input_length": 294,
      "full_forecast_length": 66,
      "cases": 912,
      "bridge_seconds": 17.162446183,
      "clock_blind_seconds": 1.6060329519999925
    },
    {
      "gap": 84,
      "input_length": 252,
      "full_forecast_length": 108,
      "cases": 912,
      "bridge_seconds": 15.400558083000007,
      "clock_blind_seconds": 1.4217694740000013
    },
    {
      "gap": 168,
      "input_length": 168,
      "full_forecast_length": 192,
      "cases": 912,
      "bridge_seconds": 24.659883850000014,
      "clock_blind_seconds": 1.1325917110000034
    }
  ],
  "total_seconds": 63.46502385000001
}
