SUMMARY {
  "scope": "E2 exploratory, reused test origins, no method novelty claimed",
  "test_cases": 14592,
  "original_gate_refits_exact": true,
  "original_refit_predictions_checked": 43776,
  "tail_test": {
    "mase_native": 1.1821198187124566,
    "mase_phase_filled": 1.2075735998905406,
    "mase_persistence": 3.0959827939045272,
    "mase_seasonal_last": 1.4045785215076512,
    "mase_seasonal_median": 1.2505270490180682,
    "mase_equal_ensemble": 1.1802186523950087,
    "mase_gate_rate": 1.1821198187124566,
    "mase_gate_uncertainty": 1.1833503918540977,
    "mase_gate_full": 1.1809040223205243,
    "mase_source_best_fixed": 1.201051996728486,
    "mase_oracle_pair": 1.0489091621780073,
    "mase_replay_clean": 1.233873201910127,
    "mase_replay_matched": 1.2716892834348381,
    "mase_original_full": 1.1809040223205243,
    "mase_original_rate": 1.1821198187124566,
    "mase_original_uncertainty": 1.1833503918540977,
    "mase_source_tail_full": 1.1938689526508772,
    "mase_source_tail_rate": 1.1821198187124566,
    "mase_source_tail_uncertainty": 1.1821198187124566,
    "mase_source_all_full": 1.1972531303559428,
    "mase_target_tail_full": 1.1929935912893879,
    "mase_replay_pair": 1.215654756964663,
    "mase_replay_pair_one_se": 1.1943135276397208
  },
  "all_test": {
    "mase_native": 0.9668402046552014,
    "mase_phase_filled": 0.9774422213584815,
    "mase_persistence": 2.94082880914982,
    "mase_seasonal_last": 1.1724814979736284,
    "mase_seasonal_median": 1.1705390374187037,
    "mase_equal_ensemble": 1.0146663236557434,
    "mase_gate_rate": 0.9668402046552014,
    "mase_gate_uncertainty": 0.9694983531843083,
    "mase_gate_full": 0.9692370026396244,
    "mase_source_best_fixed": 0.9821576191581843,
    "mase_oracle_pair": 0.8690406593442692,
    "mase_replay_clean": 0.9823662196145024,
    "mase_replay_matched": 0.9937110440719157,
    "mase_original_full": 0.9692370026396244,
    "mase_original_rate": 0.9668402046552014,
    "mase_original_uncertainty": 0.9694983531843083,
    "mase_source_tail_full": 0.9738128306161975,
    "mase_source_tail_rate": 0.9668402046552014,
    "mase_source_tail_uncertainty": 0.9668431416562013,
    "mase_source_all_full": 0.9750133147866811,
    "mase_target_tail_full": 0.9788542175694283,
    "mase_replay_pair": 0.9769006861308631,
    "mase_replay_pair_one_se": 0.9704983173333805
  }
}
