Blender 4.5.13 LTS (hash daeeeca98fb0 built 2026-08-25 01:31:19)
Fra:1 Mem:15.12M (Peak 15.12M) | Time:00:00.00 | Mem:0.00M, Peak:0.00M | Scene, ViewLayer | Synchronizing object | SlicePlatform
Fra:1 Mem:15.13M (Peak 15.13M) | Time:00:00.00 | Mem:0.00M, Peak:0.00M | Scene, ViewLayer | Synchronizing object | CityInstance_000
Fra:1 Mem:15.17M (Peak 15.17M) | Time:00:00.00 | Mem:0.00M, Peak:0.00M | Scene, ViewLayer | Synchronizing object | DockBeam
Fra:1 Mem:15.17M (Peak 15.17M) | Time:00:00.00 | Mem:0.00M, Peak:0.00M | Scene, ViewLayer | Synchronizing object | Area
Fra:1 Mem:15.18M (Peak 15.18M) | Time:00:00.00 | Mem:0.00M, Peak:0.00M | Scene, ViewLayer | Synchronizing object | Cargo
Fra:1 Mem:15.18M (Peak 15.18M) | Time:00:00.00 | Mem:0.00M, Peak:0.00M | Scene, ViewLayer | Synchronizing object | DockBeam.001
Fra:1 Mem:15.19M (Peak 15.19M) | Time:00:00.00 | Mem:0.00M, Peak:0.00M | Scene, ViewLayer | Synchronizing object | DockBeam.002
Fra:1 Mem:15.20M (Peak 15.20M) | Time:00:00.00 | Mem:0.00M, Peak:0.00M | Scene, ViewLayer | Initializing
Fra:1 Mem:11.84M (Peak 15.20M) | Time:00:00.00 | Mem:0.00M, Peak:0.00M | Scene, ViewLayer | Waiting for render to start
Fra:1 Mem:11.84M (Peak 15.20M) | Time:00:00.00 | Mem:0.00M, Peak:0.00M | Scene, ViewLayer | Updating Scene
Fra:1 Mem:11.84M (Peak 15.20M) | Time:00:00.00 | Mem:0.00M, Peak:0.00M | Scene, ViewLayer | Updating Shaders
Fra:1 Mem:11.84M (Peak 15.20M) | Time:00:00.00 | Mem:0.00M, Peak:0.00M | Scene, ViewLayer | Loading render kernels (may take a few minutes the first time)
Fra:1 Mem:11.92M (Peak 15.20M) | Time:00:00.01 | Mem:0.00M, Peak:0.00M | Scene, ViewLayer | Updating Procedurals
Fra:1 Mem:11.92M (Peak 15.20M) | Time:00:00.01 | Mem:0.00M, Peak:0.00M | Scene, ViewLayer | Updating Background
Fra:1 Mem:11.92M (Peak 15.20M) | Time:00:00.01 | Mem:0.00M, Peak:0.00M | Scene, ViewLayer | Updating Camera
Fra:1 Mem:11.92M (Peak 15.20M) | Time:00:00.01 | Mem:0.00M, Peak:0.00M | Scene, ViewLayer | Updating Meshes Flags
Fra:1 Mem:11.92M (Peak 15.20M) | Time:00:00.01 | Mem:0.00M, Peak:0.00M | Scene, ViewLayer | Updating Objects
Fra:1 Mem:11.92M (Peak 15.20M) | Time:00:00.01 | Mem:0.00M, Peak:0.00M | Scene, ViewLayer | Updating Objects | Copying Transformations to device
Fra:1 Mem:11.96M (Peak 15.20M) | Time:00:00.01 | Mem:0.04M, Peak:0.04M | Scene, ViewLayer | Updating Particle Systems
Fra:1 Mem:11.96M (Peak 15.20M) | Time:00:00.01 | Mem:0.04M, Peak:0.04M | Scene, ViewLayer | Updating Particle Systems | Copying Particles to device
Fra:1 Mem:11.96M (Peak 15.20M) | Time:00:00.01 | Mem:0.04M, Peak:0.04M | Scene, ViewLayer | Updating Meshes
Fra:1 Mem:11.96M (Peak 15.20M) | Time:00:00.01 | Mem:0.04M, Peak:0.04M | Scene, ViewLayer | Updating Objects | Applying Static Transformations
Fra:1 Mem:11.96M (Peak 15.20M) | Time:00:00.01 | Mem:0.04M, Peak:0.04M | Scene, ViewLayer | Updating Mesh | Computing attributes
Fra:1 Mem:11.97M (Peak 15.20M) | Time:00:00.01 | Mem:0.04M, Peak:0.04M | Scene, ViewLayer | Updating Mesh | Copying Attributes to device
Fra:1 Mem:11.96M (Peak 15.20M) | Time:00:00.01 | Mem:0.04M, Peak:0.04M | Scene, ViewLayer | Updating Geometry BVH Cube.001 2/1 | Building BVH
Fra:1 Mem:11.96M (Peak 15.20M) | Time:00:00.01 | Mem:0.04M, Peak:0.04M | Scene, ViewLayer | Updating Geometry BVH Cube.001 2/1 | Building BVH 0%
Fra:1 Mem:11.96M (Peak 15.20M) | Time:00:00.01 | Mem:0.04M, Peak:0.05M | Scene, ViewLayer | Updating Scene BVH | Building
Fra:1 Mem:11.96M (Peak 15.20M) | Time:00:00.01 | Mem:0.04M, Peak:0.05M | Scene, ViewLayer | Updating Scene BVH | Building BVH
Fra:1 Mem:11.96M (Peak 15.20M) | Time:00:00.01 | Mem:0.13M, Peak:0.14M | Scene, ViewLayer | Updating Scene BVH | Copying BVH to device
Fra:1 Mem:11.96M (Peak 15.20M) | Time:00:00.01 | Mem:0.13M, Peak:0.14M | Scene, ViewLayer | Updating Mesh | Computing normals
Fra:1 Mem:11.97M (Peak 15.20M) | Time:00:00.01 | Mem:0.13M, Peak:0.14M | Scene, ViewLayer | Updating Mesh | Copying Mesh to device
Fra:1 Mem:11.97M (Peak 15.20M) | Time:00:00.01 | Mem:0.14M, Peak:0.14M | Scene, ViewLayer | Updating Objects Flags
Fra:1 Mem:11.97M (Peak 15.20M) | Time:00:00.01 | Mem:0.14M, Peak:0.14M | Scene, ViewLayer | Updating Primitive Offsets
Fra:1 Mem:11.97M (Peak 15.20M) | Time:00:00.01 | Mem:0.14M, Peak:0.14M | Scene, ViewLayer | Updating Images
Fra:1 Mem:11.97M (Peak 15.20M) | Time:00:00.01 | Mem:0.14M, Peak:0.14M | Scene, ViewLayer | Updating Camera Volume
Fra:1 Mem:11.97M (Peak 15.20M) | Time:00:00.01 | Mem:0.14M, Peak:0.14M | Scene, ViewLayer | Updating Lookup Tables
Fra:1 Mem:11.97M (Peak 15.20M) | Time:00:00.01 | Mem:0.22M, Peak:0.22M | Scene, ViewLayer | Updating Lights
Fra:1 Mem:11.97M (Peak 15.20M) | Time:00:00.01 | Mem:0.22M, Peak:0.22M | Scene, ViewLayer | Updating Lights | Computing tree
Fra:1 Mem:11.98M (Peak 15.20M) | Time:00:00.01 | Mem:0.22M, Peak:0.22M | Scene, ViewLayer | Updating Integrator
Fra:1 Mem:11.98M (Peak 15.20M) | Time:00:00.01 | Mem:0.22M, Peak:0.22M | Scene, ViewLayer | Updating Film
Fra:1 Mem:11.98M (Peak 15.20M) | Time:00:00.01 | Mem:0.14M, Peak:0.22M | Scene, ViewLayer | Updating Lookup Tables
Fra:1 Mem:11.98M (Peak 15.20M) | Time:00:00.01 | Mem:0.23M, Peak:0.23M | Scene, ViewLayer | Updating Baking
Fra:1 Mem:11.98M (Peak 15.20M) | Time:00:00.01 | Mem:0.23M, Peak:0.23M | Scene, ViewLayer | Updating Device | Writing constant memory
Fra:1 Mem:11.98M (Peak 15.20M) | Time:00:00.01 | Mem:0.23M, Peak:0.23M | Scene, ViewLayer | Loading denoising kernels (may take a few minutes the first time)
Fra:1 Mem:11.98M (Peak 15.20M) | Time:00:00.01 | Mem:0.23M, Peak:0.23M | Scene, ViewLayer | Sample 0/12
Fra:1 Mem:21.42M (Peak 21.42M) | Time:00:00.12 | Remaining:00:01.20 | Mem:9.62M, Peak:9.62M | Scene, ViewLayer | Sample 1/12
Fra:1 Mem:25.38M (Peak 31.31M) | Time:00:02.41 | Mem:9.62M, Peak:9.62M | Scene, ViewLayer | Sample 12/12
Fra:1 Mem:25.38M (Peak 31.31M) | Time:00:02.41 | Mem:9.62M, Peak:9.62M | Scene, ViewLayer | Finished
Saved: '/home/runner/work/future/future/workspaces/skyfold-dock/output/g0/slice.png'
Time: 00:02.50 (Saving: 00:00.09)

Info: Saved as "preflight.blend"
{"kind": "G0_CAPABILITY_ONLY_NOT_G2_ARTWORK", "blender": "4.5.13 LTS", "python": "3.11.15 (main, Apr 25 2025, 12:39:20) [GCC 11.2.1 20220127 (Red Hat 11.2.1-9)]", "device": "CPU", "samples": 12, "denoising": true, "objects": 168, "mesh_datablocks": 6, "render_seconds": 2.5054961390000017, "scene_sha256": "80876ad17e33b1ac6848b5d574d6c7544fe82320f9cc1a82485f21736c586eae", "result": "RENDERED_REOPEN_PENDING", "visual_gate": "NOT_REVIEWED"}

Blender quit
