Blender 4.5.13 LTS (hash daeeeca98fb0 built 2026-08-25 01:31:19)
Read blend: "/home/runner/work/future/future/workspaces/skyfold-dock/output/g0/preflight.blend"
Fra:1 Mem:15.09M (Peak 15.09M) | Time:00:00.00 | Mem:0.00M, Peak:0.00M | Scene, ViewLayer | Synchronizing object | SlicePlatform
Fra:1 Mem:15.10M (Peak 15.10M) | Time:00:00.00 | Mem:0.00M, Peak:0.00M | Scene, ViewLayer | Synchronizing object | CityInstance_000
Fra:1 Mem:15.14M (Peak 15.14M) | Time:00:00.00 | Mem:0.00M, Peak:0.00M | Scene, ViewLayer | Synchronizing object | DockBeam
Fra:1 Mem:15.14M (Peak 15.14M) | Time:00:00.00 | Mem:0.00M, Peak:0.00M | Scene, ViewLayer | Synchronizing object | Area
Fra:1 Mem:15.15M (Peak 15.15M) | Time:00:00.00 | Mem:0.00M, Peak:0.00M | Scene, ViewLayer | Synchronizing object | Cargo
Fra:1 Mem:15.15M (Peak 15.15M) | Time:00:00.00 | Mem:0.00M, Peak:0.00M | Scene, ViewLayer | Synchronizing object | DockBeam.002
Fra:1 Mem:15.17M (Peak 15.17M) | Time:00:00.00 | Mem:0.00M, Peak:0.00M | Scene, ViewLayer | Initializing
Fra:1 Mem:11.80M (Peak 15.17M) | Time:00:00.00 | Mem:0.00M, Peak:0.00M | Scene, ViewLayer | Waiting for render to start
Fra:1 Mem:11.80M (Peak 15.17M) | Time:00:00.00 | Mem:0.00M, Peak:0.00M | Scene, ViewLayer | Updating Scene
Fra:1 Mem:11.80M (Peak 15.17M) | Time:00:00.00 | Mem:0.00M, Peak:0.00M | Scene, ViewLayer | Updating Shaders
Fra:1 Mem:11.80M (Peak 15.17M) | Time:00:00.00 | Mem:0.00M, Peak:0.00M | Scene, ViewLayer | Loading render kernels (may take a few minutes the first time)
Fra:1 Mem:11.89M (Peak 15.17M) | Time:00:00.00 | Mem:0.00M, Peak:0.00M | Scene, ViewLayer | Updating Procedurals
Fra:1 Mem:11.89M (Peak 15.17M) | Time:00:00.00 | Mem:0.00M, Peak:0.00M | Scene, ViewLayer | Updating Background
Fra:1 Mem:11.89M (Peak 15.17M) | Time:00:00.00 | Mem:0.00M, Peak:0.00M | Scene, ViewLayer | Updating Camera
Fra:1 Mem:11.89M (Peak 15.17M) | Time:00:00.00 | Mem:0.00M, Peak:0.00M | Scene, ViewLayer | Updating Meshes Flags
Fra:1 Mem:11.89M (Peak 15.17M) | Time:00:00.00 | Mem:0.00M, Peak:0.00M | Scene, ViewLayer | Updating Objects
Fra:1 Mem:11.89M (Peak 15.17M) | Time:00:00.00 | Mem:0.00M, Peak:0.00M | Scene, ViewLayer | Updating Objects | Copying Transformations to device
Fra:1 Mem:11.93M (Peak 15.17M) | Time:00:00.00 | Mem:0.04M, Peak:0.04M | Scene, ViewLayer | Updating Particle Systems
Fra:1 Mem:11.93M (Peak 15.17M) | Time:00:00.00 | Mem:0.04M, Peak:0.04M | Scene, ViewLayer | Updating Particle Systems | Copying Particles to device
Fra:1 Mem:11.93M (Peak 15.17M) | Time:00:00.00 | Mem:0.04M, Peak:0.04M | Scene, ViewLayer | Updating Meshes
Fra:1 Mem:11.93M (Peak 15.17M) | Time:00:00.00 | Mem:0.04M, Peak:0.04M | Scene, ViewLayer | Updating Objects | Applying Static Transformations
Fra:1 Mem:11.93M (Peak 15.17M) | Time:00:00.00 | Mem:0.04M, Peak:0.04M | Scene, ViewLayer | Updating Mesh | Computing attributes
Fra:1 Mem:11.94M (Peak 15.17M) | Time:00:00.00 | Mem:0.04M, Peak:0.04M | Scene, ViewLayer | Updating Mesh | Copying Attributes to device
Fra:1 Mem:11.93M (Peak 15.17M) | Time:00:00.00 | Mem:0.04M, Peak:0.04M | Scene, ViewLayer | Updating Geometry BVH Cube.001 2/1 | Building BVH
Fra:1 Mem:11.93M (Peak 15.17M) | Time:00:00.00 | Mem:0.04M, Peak:0.04M | Scene, ViewLayer | Updating Geometry BVH Cube.001 2/1 | Building BVH 0%
Fra:1 Mem:11.93M (Peak 15.17M) | Time:00:00.00 | Mem:0.04M, Peak:0.05M | Scene, ViewLayer | Updating Scene BVH | Building
Fra:1 Mem:11.93M (Peak 15.17M) | Time:00:00.00 | Mem:0.04M, Peak:0.05M | Scene, ViewLayer | Updating Scene BVH | Building BVH
Fra:1 Mem:11.93M (Peak 15.17M) | Time:00:00.00 | Mem:0.13M, Peak:0.14M | Scene, ViewLayer | Updating Scene BVH | Copying BVH to device
Fra:1 Mem:11.93M (Peak 15.17M) | Time:00:00.00 | Mem:0.13M, Peak:0.14M | Scene, ViewLayer | Updating Mesh | Computing normals
Fra:1 Mem:11.94M (Peak 15.17M) | Time:00:00.00 | Mem:0.13M, Peak:0.14M | Scene, ViewLayer | Updating Mesh | Copying Mesh to device
Fra:1 Mem:11.94M (Peak 15.17M) | Time:00:00.00 | Mem:0.14M, Peak:0.14M | Scene, ViewLayer | Updating Objects Flags
Fra:1 Mem:11.94M (Peak 15.17M) | Time:00:00.00 | Mem:0.14M, Peak:0.14M | Scene, ViewLayer | Updating Primitive Offsets
Fra:1 Mem:11.94M (Peak 15.17M) | Time:00:00.00 | Mem:0.14M, Peak:0.14M | Scene, ViewLayer | Updating Images
Fra:1 Mem:11.94M (Peak 15.17M) | Time:00:00.00 | Mem:0.14M, Peak:0.14M | Scene, ViewLayer | Updating Camera Volume
Fra:1 Mem:11.94M (Peak 15.17M) | Time:00:00.00 | Mem:0.14M, Peak:0.14M | Scene, ViewLayer | Updating Lookup Tables
Fra:1 Mem:11.94M (Peak 15.17M) | Time:00:00.00 | Mem:0.22M, Peak:0.22M | Scene, ViewLayer | Updating Lights
Fra:1 Mem:11.94M (Peak 15.17M) | Time:00:00.00 | Mem:0.22M, Peak:0.22M | Scene, ViewLayer | Updating Lights | Computing tree
Fra:1 Mem:11.94M (Peak 15.17M) | Time:00:00.00 | Mem:0.22M, Peak:0.22M | Scene, ViewLayer | Updating Integrator
Fra:1 Mem:11.94M (Peak 15.17M) | Time:00:00.00 | Mem:0.22M, Peak:0.22M | Scene, ViewLayer | Updating Film
Fra:1 Mem:11.95M (Peak 15.17M) | Time:00:00.00 | Mem:0.14M, Peak:0.22M | Scene, ViewLayer | Updating Lookup Tables
Fra:1 Mem:11.95M (Peak 15.17M) | Time:00:00.00 | Mem:0.23M, Peak:0.23M | Scene, ViewLayer | Updating Baking
Fra:1 Mem:11.95M (Peak 15.17M) | Time:00:00.00 | Mem:0.23M, Peak:0.23M | Scene, ViewLayer | Updating Device | Writing constant memory
Fra:1 Mem:11.95M (Peak 15.17M) | Time:00:00.01 | Mem:0.23M, Peak:0.23M | Scene, ViewLayer | Loading denoising kernels (may take a few minutes the first time)
Fra:1 Mem:11.95M (Peak 15.17M) | Time:00:00.01 | Mem:0.23M, Peak:0.23M | Scene, ViewLayer | Sample 0/12
Fra:1 Mem:21.39M (Peak 21.39M) | Time:00:00.11 | Remaining:00:01.16 | Mem:9.62M, Peak:9.62M | Scene, ViewLayer | Sample 1/12
Fra:1 Mem:25.35M (Peak 31.28M) | Time:00:02.63 | Mem:9.62M, Peak:9.62M | Scene, ViewLayer | Sample 12/12
Fra:1 Mem:25.35M (Peak 31.28M) | Time:00:02.63 | Mem:9.62M, Peak:9.62M | Scene, ViewLayer | Finished
Saved: '/home/runner/work/future/future/workspaces/skyfold-dock/output/g0/reopen.png'
Time: 00:02.74 (Saving: 00:00.10)

NEW_PROCESS_REOPEN_RENDER_OK

Blender quit
