Blender 4.5.13 LTS (hash daeeeca98fb0 built 2026-08-25 01:31:19)
Append frame 1
Time: 00:00.03 (Saving: 00:00.00)

Append frame 2
Time: 00:00.03 (Saving: 00:00.00)

Append frame 3
Time: 00:00.03 (Saving: 00:00.00)

Append frame 4
Time: 00:00.03 (Saving: 00:00.00)

Append frame 5
Time: 00:00.03 (Saving: 00:00.00)

Append frame 6
Time: 00:00.03 (Saving: 00:00.00)

Append frame 7
Time: 00:00.03 (Saving: 00:00.00)

Append frame 8
Time: 00:00.03 (Saving: 00:00.00)

Append frame 9
Time: 00:00.03 (Saving: 00:00.00)

Append frame 10
Time: 00:00.03 (Saving: 00:00.00)

Append frame 11
Time: 00:00.03 (Saving: 00:00.00)

Append frame 12
Time: 00:00.03 (Saving: 00:00.00)

Append frame 13
Time: 00:00.03 (Saving: 00:00.00)

Append frame 14
Time: 00:00.03 (Saving: 00:00.00)

Append frame 15
Time: 00:00.03 (Saving: 00:00.00)

Append frame 16
Time: 00:00.03 (Saving: 00:00.00)

Append frame 17
Time: 00:00.03 (Saving: 00:00.00)

Append frame 18
Time: 00:00.03 (Saving: 00:00.00)

Append frame 19
Time: 00:00.03 (Saving: 00:00.00)

Append frame 20
Time: 00:00.03 (Saving: 00:00.00)

Append frame 21
Time: 00:00.03 (Saving: 00:00.00)

Append frame 22
Time: 00:00.03 (Saving: 00:00.00)

Append frame 23
Time: 00:00.03 (Saving: 00:00.00)

Append frame 24
Time: 00:00.03 (Saving: 00:00.00)

Append frame 25
Time: 00:00.03 (Saving: 00:00.00)

Append frame 26
Time: 00:00.03 (Saving: 00:00.00)

Append frame 27
Time: 00:00.04 (Saving: 00:00.01)

Append frame 28
Time: 00:00.04 (Saving: 00:00.00)

Append frame 29
Time: 00:00.04 (Saving: 00:00.00)

Append frame 30
Time: 00:00.04 (Saving: 00:00.00)

Append frame 31
Time: 00:00.03 (Saving: 00:00.00)

Append frame 32
Time: 00:00.03 (Saving: 00:00.00)

Append frame 33
Time: 00:00.03 (Saving: 00:00.00)

Append frame 34
Time: 00:00.03 (Saving: 00:00.00)

Append frame 35
Time: 00:00.03 (Saving: 00:00.00)

Append frame 36
Time: 00:00.03 (Saving: 00:00.00)

Append frame 37
Time: 00:00.03 (Saving: 00:00.00)

Append frame 38
Time: 00:00.04 (Saving: 00:00.00)

Append frame 39
Time: 00:00.03 (Saving: 00:00.00)

Append frame 40
Time: 00:00.03 (Saving: 00:00.00)

Append frame 41
Time: 00:00.04 (Saving: 00:00.00)

Append frame 42
Time: 00:00.03 (Saving: 00:00.00)

Append frame 43
Time: 00:00.04 (Saving: 00:00.00)

Append frame 44
Time: 00:00.04 (Saving: 00:00.00)

Append frame 45
Time: 00:00.03 (Saving: 00:00.00)

Append frame 46
Time: 00:00.03 (Saving: 00:00.00)

Append frame 47
Time: 00:00.03 (Saving: 00:00.00)

Append frame 48
Time: 00:00.04 (Saving: 00:00.00)

ACTUAL_FRAME_VIDEO_VERIFIED skyfold-motion-145-192.mp4 48 2.0

Blender quit
