  % Total    % Received % Xferd  Average Speed   Time    Time     Time  Current
                                 Dload  Upload   Total   Spent    Left  Speed
  0     0    0     0    0     0      0      0 --:--:-- --:--:-- --:--:--     0  0  360M    0 2688k    0     0  9229k      0  0:00:40 --:--:--  0:00:40 9205k 57  360M   57  208M    0     0   161M      0  0:00:02  0:00:01  0:00:01  161M 91  360M   91  330M    0     0   144M      0  0:00:02  0:00:02 --:--:--  144M100  360M  100  360M    0     0   145M      0  0:00:02  0:00:02 --:--:--  145M
blender-4.5.13-linux-x64.tar.xz: OK
	linux-vdso.so.1 (0x00007fea9ce90000)
	libblender_cpu_check.so => /home/runner/work/_temp/skyfold-tools/blender-4.5.13-linux-x64/lib/libblender_cpu_check.so (0x00007fea9ce84000)
	libtbb.so.12 => /home/runner/work/_temp/skyfold-tools/blender-4.5.13-linux-x64/lib/libtbb.so.12 (0x00007fea9ce2c000)
	libutil.so.1 => /lib/x86_64-linux-gnu/libutil.so.1 (0x00007fea9ce1d000)
	libpthread.so.0 => /lib/x86_64-linux-gnu/libpthread.so.0 (0x00007fea9ce18000)
	libdl.so.2 => /lib/x86_64-linux-gnu/libdl.so.2 (0x00007fea9ce13000)
	libm.so.6 => /lib/x86_64-linux-gnu/libm.so.6 (0x00007fea9cd28000)
	librt.so.1 => /lib/x86_64-linux-gnu/librt.so.1 (0x00007fea9cd23000)
	libvulkan.so.1 => /home/runner/work/_temp/skyfold-tools/blender-4.5.13-linux-x64/lib/libvulkan.so.1 (0x00007fea9cca8000)
	libX11.so.6 => /lib/x86_64-linux-gnu/libX11.so.6 (0x00007fea9cb6b000)
	libXrender.so.1 => /lib/x86_64-linux-gnu/libXrender.so.1 (0x00007fea9cb5f000)
	libXfixes.so.3 => /lib/x86_64-linux-gnu/libXfixes.so.3 (0x00007fea9cb57000)
	libXi.so.6 => /lib/x86_64-linux-gnu/libXi.so.6 (0x00007fea9cb42000)
	libxkbcommon.so.0 => /lib/x86_64-linux-gnu/libxkbcommon.so.0 (0x00007fea9caf9000)
	libosdGPU.so.3.6.0 => /home/runner/work/_temp/skyfold-tools/blender-4.5.13-linux-x64/lib/libosdGPU.so.3.6.0 (0x00007fea9ca27000)
	libosdCPU.so.3.6.0 => /home/runner/work/_temp/skyfold-tools/blender-4.5.13-linux-x64/lib/libosdCPU.so.3.6.0 (0x00007fea9c964000)
	libIex.so.32 => /home/runner/work/_temp/skyfold-tools/blender-4.5.13-linux-x64/lib/libIex.so.32 (0x00007fea9c8e5000)
	libOpenEXR.so.32 => /home/runner/work/_temp/skyfold-tools/blender-4.5.13-linux-x64/lib/libOpenEXR.so.32 (0x00007fea9c7af000)
	libOpenEXRCore.so.32 => /home/runner/work/_temp/skyfold-tools/blender-4.5.13-linux-x64/lib/libOpenEXRCore.so.32 (0x00007fea9c6d3000)
	libIlmThread.so.32 => /home/runner/work/_temp/skyfold-tools/blender-4.5.13-linux-x64/lib/libIlmThread.so.32 (0x00007fea9c6c8000)
	libImath.so.30 => /home/runner/work/_temp/skyfold-tools/blender-4.5.13-linux-x64/lib/libImath.so.30 (0x00007fea9c677000)
	libMaterialXFormat.so.1 => /home/runner/work/_temp/skyfold-tools/blender-4.5.13-linux-x64/lib/libMaterialXFormat.so.1 (0x00007fea9c62d000)
	libMaterialXCore.so.1 => /home/runner/work/_temp/skyfold-tools/blender-4.5.13-linux-x64/lib/libMaterialXCore.so.1 (0x00007fea9c512000)
	libembree4.so.4 => /home/runner/work/_temp/skyfold-tools/blender-4.5.13-linux-x64/lib/libembree4.so.4 (0x00007fea9aa00000)
	libcycles_kernel_oneapi_aot.so => /home/runner/work/_temp/skyfold-tools/blender-4.5.13-linux-x64/lib/libcycles_kernel_oneapi_aot.so (0x00007fea98c00000)
	libsycl.so.8 => /home/runner/work/_temp/skyfold-tools/blender-4.5.13-linux-x64/lib/libsycl.so.8 (0x00007fea98800000)
	libOpenColorIO.so.2.4 => /home/runner/work/_temp/skyfold-tools/blender-4.5.13-linux-x64/lib/libOpenColorIO.so.2.4 (0x00007fea98200000)
	libOpenImageIO.so.3.0 => /home/runner/work/_temp/skyfold-tools/blender-4.5.13-linux-x64/lib/libOpenImageIO.so.3.0 (0x00007fea97800000)
	libOpenImageIO_Util.so.3.0 => /home/runner/work/_temp/skyfold-tools/blender-4.5.13-linux-x64/lib/libOpenImageIO_Util.so.3.0 (0x00007fea9a8ce000)
	libOpenImageDenoise.so.2 => /home/runner/work/_temp/skyfold-tools/blender-4.5.13-linux-x64/lib/libOpenImageDenoise.so.2 (0x00007fea9c4f6000)
	liboslcomp.so.1.14.4 => /home/runner/work/_temp/skyfold-tools/blender-4.5.13-linux-x64/lib/liboslcomp.so.1.14.4 (0x00007fea95000000)
	liboslexec.so.1.14.4 => /home/runner/work/_temp/skyfold-tools/blender-4.5.13-linux-x64/lib/liboslexec.so.1.14.4 (0x00007fea91e00000)
	liboslquery.so.1.14.4 => /home/runner/work/_temp/skyfold-tools/blender-4.5.13-linux-x64/lib/liboslquery.so.1.14.4 (0x00007fea981ca000)
	liboslnoise.so.1.14.4 => /home/runner/work/_temp/skyfold-tools/blender-4.5.13-linux-x64/lib/liboslnoise.so.1.14.4 (0x00007fea9c4e0000)
	libusd_ms.so => /home/runner/work/_temp/skyfold-tools/blender-4.5.13-linux-x64/lib/libusd_ms.so (0x00007fea8e400000)
	libopenvdb.so.12.0 => /home/runner/work/_temp/skyfold-tools/blender-4.5.13-linux-x64/lib/libopenvdb.so.12.0 (0x00007fea8b000000)
	libstdc++.so.6 => /lib/x86_64-linux-gnu/libstdc++.so.6 (0x00007fea8ac00000)
	libc.so.6 => /lib/x86_64-linux-gnu/libc.so.6 (0x00007fea8a800000)
	/lib64/ld-linux-x86-64.so.2 (0x00007fea9ce92000)
	libgcc_s.so.1 => /lib/x86_64-linux-gnu/libgcc_s.so.1 (0x00007fea9a8a0000)
	libxcb.so.1 => /lib/x86_64-linux-gnu/libxcb.so.1 (0x00007fea98bd7000)
	libXext.so.6 => /lib/x86_64-linux-gnu/libXext.so.6 (0x00007fea9c4ca000)
	libur_loader.so.0 => /home/runner/work/_temp/skyfold-tools/blender-4.5.13-linux-x64/lib/libur_loader.so.0 (0x00007fea89800000)
	libOpenImageDenoise_core.so.2.3.3 => /home/runner/work/_temp/skyfold-tools/blender-4.5.13-linux-x64/lib/libOpenImageDenoise_core.so.2.3.3 (0x00007fea86a00000)
	libSM.so.6 => /lib/x86_64-linux-gnu/libSM.so.6 (0x00007fea981c0000)
	libICE.so.6 => /lib/x86_64-linux-gnu/libICE.so.6 (0x00007fea981a4000)
	libGL.so.1 => /lib/x86_64-linux-gnu/libGL.so.1 (0x00007fea91d79000)
	libMaterialXRender.so.1 => /home/runner/work/_temp/skyfold-tools/blender-4.5.13-linux-x64/lib/libMaterialXRender.so.1 (0x00007fea8e372000)
	libMaterialXGenGlsl.so.1 => /home/runner/work/_temp/skyfold-tools/blender-4.5.13-linux-x64/lib/libMaterialXGenGlsl.so.1 (0x00007fea98143000)
	libMaterialXGenMsl.so.1 => /home/runner/work/_temp/skyfold-tools/blender-4.5.13-linux-x64/lib/libMaterialXGenMsl.so.1 (0x00007fea8e31c000)
	libMaterialXGenShader.so.1 => /home/runner/work/_temp/skyfold-tools/blender-4.5.13-linux-x64/lib/libMaterialXGenShader.so.1 (0x00007fea8af1d000)
	libXau.so.6 => /lib/x86_64-linux-gnu/libXau.so.6 (0x00007fea9813d000)
	libXdmcp.so.6 => /lib/x86_64-linux-gnu/libXdmcp.so.6 (0x00007fea98135000)
	libuuid.so.1 => /lib/x86_64-linux-gnu/libuuid.so.1 (0x00007fea977f6000)
	libbsd.so.0 => /lib/x86_64-linux-gnu/libbsd.so.0 (0x00007fea977e0000)
	libGLdispatch.so.0 => /lib/x86_64-linux-gnu/libGLdispatch.so.0 (0x00007fea8ab48000)
	libGLX.so.0 => /lib/x86_64-linux-gnu/libGLX.so.0 (0x00007fea94fcd000)
	libmd.so.0 => /lib/x86_64-linux-gnu/libmd.so.0 (0x00007fea94fbe000)
Blender 4.5.13 LTS (hash daeeeca98fb0 built 2026-08-25 01:31:19)
Blender 4.5.13 LTS
	build date: 2026-08-25
	build time: 01:31:19
	build commit date: 2026-08-24
	build commit time: 11:28
	build hash: daeeeca98fb0
	build branch: blender-v4.5-release
	build platform: Linux
	build type: Release
	build c flags:  -Wall -Werror=implicit-function-declaration -Wstrict-prototypes -Werror=return-type -Werror=vla -Wmissing-prototypes -Wno-char-subscripts -Wno-unknown-pragmas -Wpointer-arith -Wunused-parameter -Wwrite-strings -Wlogical-op -Wundef -Winit-self -Wmissing-include-dirs -Wno-div-by-zero -Wtype-limits -Wformat-signedness -Wrestrict -Wno-stringop-overread -Wno-stringop-overflow -Wnonnull -Wabsolute-value -Wuninitialized -Wredundant-decls -Wshadow -Wimplicit-fallthrough=5 -Wno-error=unused-but-set-variable  -march=x86-64-v2 -std=gnu11 -pipe -fPIC -funsigned-char -fno-strict-aliasing -ffp-contract=off  
	build c++ flags:  -Wuninitialized -Wredundant-decls -Wall -Wno-invalid-offsetof -Wno-sign-compare -Wlogical-op -Winit-self -Wmissing-include-dirs -Wno-div-by-zero -Wtype-limits -Werror=return-type -Wno-char-subscripts -Wno-unknown-pragmas -Wpointer-arith -Wunused-parameter -Wwrite-strings -Wundef -Wcomma-subscript -Wformat-signedness -Wrestrict -Wno-suggest-override -Wuninitialized -Wno-stringop-overread -Wno-stringop-overflow -Wimplicit-fallthrough=5 -Wundef -Wmissing-declarations  -march=x86-64-v2 -pipe -fPIC -funsigned-char -fno-strict-aliasing -ffp-contract=off  
	build link flags:  -Wl,--version-script='/home/blender/git/blender-v450/blender.git/source/creator/symbols_unix.map'
	build system: CMake
