	linux-vdso.so.1 (0x00007ffafe847000)
	libblender_cpu_check.so => /home/runner/work/_temp/skyfold-tools/blender-4.5.13-linux-x64/lib/libblender_cpu_check.so (0x00007ffafe83b000)
	libtbb.so.12 => /home/runner/work/_temp/skyfold-tools/blender-4.5.13-linux-x64/lib/libtbb.so.12 (0x00007ffafe7e3000)
	libutil.so.1 => /lib/x86_64-linux-gnu/libutil.so.1 (0x00007ffafe7d4000)
	libpthread.so.0 => /lib/x86_64-linux-gnu/libpthread.so.0 (0x00007ffafe7cf000)
	libdl.so.2 => /lib/x86_64-linux-gnu/libdl.so.2 (0x00007ffafe7ca000)
	libm.so.6 => /lib/x86_64-linux-gnu/libm.so.6 (0x00007ffafe6df000)
	librt.so.1 => /lib/x86_64-linux-gnu/librt.so.1 (0x00007ffafe6da000)
	libvulkan.so.1 => /home/runner/work/_temp/skyfold-tools/blender-4.5.13-linux-x64/lib/libvulkan.so.1 (0x00007ffafe65f000)
	libX11.so.6 => /lib/x86_64-linux-gnu/libX11.so.6 (0x00007ffafe522000)
	libXrender.so.1 => /lib/x86_64-linux-gnu/libXrender.so.1 (0x00007ffafe516000)
	libXfixes.so.3 => /lib/x86_64-linux-gnu/libXfixes.so.3 (0x00007ffafe50e000)
	libXi.so.6 => /lib/x86_64-linux-gnu/libXi.so.6 (0x00007ffafe4f9000)
	libxkbcommon.so.0 => /lib/x86_64-linux-gnu/libxkbcommon.so.0 (0x00007ffafe4b0000)
	libosdGPU.so.3.6.0 => /home/runner/work/_temp/skyfold-tools/blender-4.5.13-linux-x64/lib/libosdGPU.so.3.6.0 (0x00007ffafe3de000)
	libosdCPU.so.3.6.0 => /home/runner/work/_temp/skyfold-tools/blender-4.5.13-linux-x64/lib/libosdCPU.so.3.6.0 (0x00007ffafe31b000)
	libIex.so.32 => /home/runner/work/_temp/skyfold-tools/blender-4.5.13-linux-x64/lib/libIex.so.32 (0x00007ffafe29c000)
	libOpenEXR.so.32 => /home/runner/work/_temp/skyfold-tools/blender-4.5.13-linux-x64/lib/libOpenEXR.so.32 (0x00007ffafe166000)
	libOpenEXRCore.so.32 => /home/runner/work/_temp/skyfold-tools/blender-4.5.13-linux-x64/lib/libOpenEXRCore.so.32 (0x00007ffafe08a000)
	libIlmThread.so.32 => /home/runner/work/_temp/skyfold-tools/blender-4.5.13-linux-x64/lib/libIlmThread.so.32 (0x00007ffafe07f000)
	libImath.so.30 => /home/runner/work/_temp/skyfold-tools/blender-4.5.13-linux-x64/lib/libImath.so.30 (0x00007ffafe02e000)
	libMaterialXFormat.so.1 => /home/runner/work/_temp/skyfold-tools/blender-4.5.13-linux-x64/lib/libMaterialXFormat.so.1 (0x00007ffafdfe4000)
	libMaterialXCore.so.1 => /home/runner/work/_temp/skyfold-tools/blender-4.5.13-linux-x64/lib/libMaterialXCore.so.1 (0x00007ffafdec9000)
	libembree4.so.4 => /home/runner/work/_temp/skyfold-tools/blender-4.5.13-linux-x64/lib/libembree4.so.4 (0x00007ffafc400000)
	libcycles_kernel_oneapi_aot.so => /home/runner/work/_temp/skyfold-tools/blender-4.5.13-linux-x64/lib/libcycles_kernel_oneapi_aot.so (0x00007ffafa600000)
	libsycl.so.8 => /home/runner/work/_temp/skyfold-tools/blender-4.5.13-linux-x64/lib/libsycl.so.8 (0x00007ffafa200000)
	libOpenColorIO.so.2.4 => /home/runner/work/_temp/skyfold-tools/blender-4.5.13-linux-x64/lib/libOpenColorIO.so.2.4 (0x00007ffaf9c00000)
	libOpenImageIO.so.3.0 => /home/runner/work/_temp/skyfold-tools/blender-4.5.13-linux-x64/lib/libOpenImageIO.so.3.0 (0x00007ffaf9200000)
	libOpenImageIO_Util.so.3.0 => /home/runner/work/_temp/skyfold-tools/blender-4.5.13-linux-x64/lib/libOpenImageIO_Util.so.3.0 (0x00007ffafc2ce000)
	libOpenImageDenoise.so.2 => /home/runner/work/_temp/skyfold-tools/blender-4.5.13-linux-x64/lib/libOpenImageDenoise.so.2 (0x00007ffafc2b4000)
	liboslcomp.so.1.14.4 => /home/runner/work/_temp/skyfold-tools/blender-4.5.13-linux-x64/lib/liboslcomp.so.1.14.4 (0x00007ffaf6a00000)
	liboslexec.so.1.14.4 => /home/runner/work/_temp/skyfold-tools/blender-4.5.13-linux-x64/lib/liboslexec.so.1.14.4 (0x00007ffaf3800000)
	liboslquery.so.1.14.4 => /home/runner/work/_temp/skyfold-tools/blender-4.5.13-linux-x64/lib/liboslquery.so.1.14.4 (0x00007ffaf9bca000)
	liboslnoise.so.1.14.4 => /home/runner/work/_temp/skyfold-tools/blender-4.5.13-linux-x64/lib/liboslnoise.so.1.14.4 (0x00007ffafc2a0000)
	libusd_ms.so => /home/runner/work/_temp/skyfold-tools/blender-4.5.13-linux-x64/lib/libusd_ms.so (0x00007ffaefe00000)
	libopenvdb.so.12.0 => /home/runner/work/_temp/skyfold-tools/blender-4.5.13-linux-x64/lib/libopenvdb.so.12.0 (0x00007ffaeca00000)
	libstdc++.so.6 => /lib/x86_64-linux-gnu/libstdc++.so.6 (0x00007ffaec600000)
	libc.so.6 => /lib/x86_64-linux-gnu/libc.so.6 (0x00007ffaec200000)
	/lib64/ld-linux-x86-64.so.2 (0x00007ffafe849000)
	libgcc_s.so.1 => /lib/x86_64-linux-gnu/libgcc_s.so.1 (0x00007ffafa5d2000)
	libxcb.so.1 => /lib/x86_64-linux-gnu/libxcb.so.1 (0x00007ffaf9ba1000)
	libXext.so.6 => /lib/x86_64-linux-gnu/libXext.so.6 (0x00007ffaf9b8d000)
	libur_loader.so.0 => /home/runner/work/_temp/skyfold-tools/blender-4.5.13-linux-x64/lib/libur_loader.so.0 (0x00007ffaeb200000)
	libOpenImageDenoise_core.so.2.3.3 => /home/runner/work/_temp/skyfold-tools/blender-4.5.13-linux-x64/lib/libOpenImageDenoise_core.so.2.3.3 (0x00007ffae8400000)
	libSM.so.6 => /lib/x86_64-linux-gnu/libSM.so.6 (0x00007ffaf9b83000)
	libICE.so.6 => /lib/x86_64-linux-gnu/libICE.so.6 (0x00007ffaf9b67000)
	libGL.so.1 => /lib/x86_64-linux-gnu/libGL.so.1 (0x00007ffaf3779000)
	libMaterialXRender.so.1 => /home/runner/work/_temp/skyfold-tools/blender-4.5.13-linux-x64/lib/libMaterialXRender.so.1 (0x00007ffaefd72000)
	libMaterialXGenGlsl.so.1 => /home/runner/work/_temp/skyfold-tools/blender-4.5.13-linux-x64/lib/libMaterialXGenGlsl.so.1 (0x00007ffaefd11000)
	libMaterialXGenMsl.so.1 => /home/runner/work/_temp/skyfold-tools/blender-4.5.13-linux-x64/lib/libMaterialXGenMsl.so.1 (0x00007ffaefcbb000)
	libMaterialXGenShader.so.1 => /home/runner/work/_temp/skyfold-tools/blender-4.5.13-linux-x64/lib/libMaterialXGenShader.so.1 (0x00007ffaec91d000)
	libXau.so.6 => /lib/x86_64-linux-gnu/libXau.so.6 (0x00007ffaf9b61000)
	libXdmcp.so.6 => /lib/x86_64-linux-gnu/libXdmcp.so.6 (0x00007ffaf9b59000)
	libuuid.so.1 => /lib/x86_64-linux-gnu/libuuid.so.1 (0x00007ffaf9b4f000)
	libbsd.so.0 => /lib/x86_64-linux-gnu/libbsd.so.0 (0x00007ffaf9b39000)
	libGLdispatch.so.0 => /lib/x86_64-linux-gnu/libGLdispatch.so.0 (0x00007ffaec548000)
	libGLX.so.0 => /lib/x86_64-linux-gnu/libGLX.so.0 (0x00007ffaf69cd000)
	libmd.so.0 => /lib/x86_64-linux-gnu/libmd.so.0 (0x00007ffaf91f1000)
