	linux-vdso.so.1 (0x00007f789d1f9000)
	libblender_cpu_check.so => /home/runner/work/_temp/skyfold-tools/blender-4.5.13-linux-x64/lib/libblender_cpu_check.so (0x00007f789d1ed000)
	libtbb.so.12 => /home/runner/work/_temp/skyfold-tools/blender-4.5.13-linux-x64/lib/libtbb.so.12 (0x00007f789d195000)
	libutil.so.1 => /lib/x86_64-linux-gnu/libutil.so.1 (0x00007f789d186000)
	libpthread.so.0 => /lib/x86_64-linux-gnu/libpthread.so.0 (0x00007f789d181000)
	libdl.so.2 => /lib/x86_64-linux-gnu/libdl.so.2 (0x00007f789d17c000)
	libm.so.6 => /lib/x86_64-linux-gnu/libm.so.6 (0x00007f789d091000)
	librt.so.1 => /lib/x86_64-linux-gnu/librt.so.1 (0x00007f789d08c000)
	libvulkan.so.1 => /home/runner/work/_temp/skyfold-tools/blender-4.5.13-linux-x64/lib/libvulkan.so.1 (0x00007f789d011000)
	libX11.so.6 => /lib/x86_64-linux-gnu/libX11.so.6 (0x00007f789ced4000)
	libXrender.so.1 => /lib/x86_64-linux-gnu/libXrender.so.1 (0x00007f789cec8000)
	libXfixes.so.3 => /lib/x86_64-linux-gnu/libXfixes.so.3 (0x00007f789cec0000)
	libXi.so.6 => /lib/x86_64-linux-gnu/libXi.so.6 (0x00007f789ceab000)
	libxkbcommon.so.0 => /lib/x86_64-linux-gnu/libxkbcommon.so.0 (0x00007f789ce62000)
	libosdGPU.so.3.6.0 => /home/runner/work/_temp/skyfold-tools/blender-4.5.13-linux-x64/lib/libosdGPU.so.3.6.0 (0x00007f789cd90000)
	libosdCPU.so.3.6.0 => /home/runner/work/_temp/skyfold-tools/blender-4.5.13-linux-x64/lib/libosdCPU.so.3.6.0 (0x00007f789cccd000)
	libIex.so.32 => /home/runner/work/_temp/skyfold-tools/blender-4.5.13-linux-x64/lib/libIex.so.32 (0x00007f789cc4e000)
	libOpenEXR.so.32 => /home/runner/work/_temp/skyfold-tools/blender-4.5.13-linux-x64/lib/libOpenEXR.so.32 (0x00007f789cb18000)
	libOpenEXRCore.so.32 => /home/runner/work/_temp/skyfold-tools/blender-4.5.13-linux-x64/lib/libOpenEXRCore.so.32 (0x00007f789ca3c000)
	libIlmThread.so.32 => /home/runner/work/_temp/skyfold-tools/blender-4.5.13-linux-x64/lib/libIlmThread.so.32 (0x00007f789ca31000)
	libImath.so.30 => /home/runner/work/_temp/skyfold-tools/blender-4.5.13-linux-x64/lib/libImath.so.30 (0x00007f789c9e0000)
	libMaterialXFormat.so.1 => /home/runner/work/_temp/skyfold-tools/blender-4.5.13-linux-x64/lib/libMaterialXFormat.so.1 (0x00007f789c996000)
	libMaterialXCore.so.1 => /home/runner/work/_temp/skyfold-tools/blender-4.5.13-linux-x64/lib/libMaterialXCore.so.1 (0x00007f789c87b000)
	libembree4.so.4 => /home/runner/work/_temp/skyfold-tools/blender-4.5.13-linux-x64/lib/libembree4.so.4 (0x00007f789ac00000)
	libcycles_kernel_oneapi_aot.so => /home/runner/work/_temp/skyfold-tools/blender-4.5.13-linux-x64/lib/libcycles_kernel_oneapi_aot.so (0x00007f7898e00000)
	libsycl.so.8 => /home/runner/work/_temp/skyfold-tools/blender-4.5.13-linux-x64/lib/libsycl.so.8 (0x00007f7898a00000)
	libOpenColorIO.so.2.4 => /home/runner/work/_temp/skyfold-tools/blender-4.5.13-linux-x64/lib/libOpenColorIO.so.2.4 (0x00007f7898400000)
	libOpenImageIO.so.3.0 => /home/runner/work/_temp/skyfold-tools/blender-4.5.13-linux-x64/lib/libOpenImageIO.so.3.0 (0x00007f7897a00000)
	libOpenImageIO_Util.so.3.0 => /home/runner/work/_temp/skyfold-tools/blender-4.5.13-linux-x64/lib/libOpenImageIO_Util.so.3.0 (0x00007f789c747000)
	libOpenImageDenoise.so.2 => /home/runner/work/_temp/skyfold-tools/blender-4.5.13-linux-x64/lib/libOpenImageDenoise.so.2 (0x00007f789c72d000)
	liboslcomp.so.1.14.4 => /home/runner/work/_temp/skyfold-tools/blender-4.5.13-linux-x64/lib/liboslcomp.so.1.14.4 (0x00007f7895200000)
	liboslexec.so.1.14.4 => /home/runner/work/_temp/skyfold-tools/blender-4.5.13-linux-x64/lib/liboslexec.so.1.14.4 (0x00007f7892000000)
	liboslquery.so.1.14.4 => /home/runner/work/_temp/skyfold-tools/blender-4.5.13-linux-x64/lib/liboslquery.so.1.14.4 (0x00007f789c6f5000)
	liboslnoise.so.1.14.4 => /home/runner/work/_temp/skyfold-tools/blender-4.5.13-linux-x64/lib/liboslnoise.so.1.14.4 (0x00007f789c6e1000)
	libusd_ms.so => /home/runner/work/_temp/skyfold-tools/blender-4.5.13-linux-x64/lib/libusd_ms.so (0x00007f788e600000)
	libopenvdb.so.12.0 => /home/runner/work/_temp/skyfold-tools/blender-4.5.13-linux-x64/lib/libopenvdb.so.12.0 (0x00007f788b200000)
	libstdc++.so.6 => /lib/x86_64-linux-gnu/libstdc++.so.6 (0x00007f788ae00000)
	libc.so.6 => /lib/x86_64-linux-gnu/libc.so.6 (0x00007f788aa00000)
	/lib64/ld-linux-x86-64.so.2 (0x00007f789d1fb000)
	libgcc_s.so.1 => /lib/x86_64-linux-gnu/libgcc_s.so.1 (0x00007f789abd2000)
	libxcb.so.1 => /lib/x86_64-linux-gnu/libxcb.so.1 (0x00007f789aba9000)
	libXext.so.6 => /lib/x86_64-linux-gnu/libXext.so.6 (0x00007f789c6cb000)
	libur_loader.so.0 => /home/runner/work/_temp/skyfold-tools/blender-4.5.13-linux-x64/lib/libur_loader.so.0 (0x00007f7889a00000)
	libOpenImageDenoise_core.so.2.3.3 => /home/runner/work/_temp/skyfold-tools/blender-4.5.13-linux-x64/lib/libOpenImageDenoise_core.so.2.3.3 (0x00007f7886c00000)
	libSM.so.6 => /lib/x86_64-linux-gnu/libSM.so.6 (0x00007f789ab9f000)
	libICE.so.6 => /lib/x86_64-linux-gnu/libICE.so.6 (0x00007f789ab83000)
	libGL.so.1 => /lib/x86_64-linux-gnu/libGL.so.1 (0x00007f789aafc000)
	libMaterialXRender.so.1 => /home/runner/work/_temp/skyfold-tools/blender-4.5.13-linux-x64/lib/libMaterialXRender.so.1 (0x00007f7898372000)
	libMaterialXGenGlsl.so.1 => /home/runner/work/_temp/skyfold-tools/blender-4.5.13-linux-x64/lib/libMaterialXGenGlsl.so.1 (0x00007f789aa9b000)
	libMaterialXGenMsl.so.1 => /home/runner/work/_temp/skyfold-tools/blender-4.5.13-linux-x64/lib/libMaterialXGenMsl.so.1 (0x00007f7891faa000)
	libMaterialXGenShader.so.1 => /home/runner/work/_temp/skyfold-tools/blender-4.5.13-linux-x64/lib/libMaterialXGenShader.so.1 (0x00007f788e51d000)
	libXau.so.6 => /lib/x86_64-linux-gnu/libXau.so.6 (0x00007f7898dfa000)
	libXdmcp.so.6 => /lib/x86_64-linux-gnu/libXdmcp.so.6 (0x00007f7898df2000)
	libuuid.so.1 => /lib/x86_64-linux-gnu/libuuid.so.1 (0x00007f7898de8000)
	libbsd.so.0 => /lib/x86_64-linux-gnu/libbsd.so.0 (0x00007f7898dd2000)
	libGLdispatch.so.0 => /lib/x86_64-linux-gnu/libGLdispatch.so.0 (0x00007f788b148000)
	libGLX.so.0 => /lib/x86_64-linux-gnu/libGLX.so.0 (0x00007f789833f000)
	libmd.so.0 => /lib/x86_64-linux-gnu/libmd.so.0 (0x00007f78979f1000)
