SUMMARY {
  "scope": "E2 exploratory, reused test origins, no method novelty claimed",
  "test_cases": 14592,
  "original_gate_refits_exact": true,
  "original_refit_predictions_checked": 43776,
  "tail_test": {
    "mase_native": 1.1432459197991591,
    "mase_phase_filled": 1.1926203269227584,
    "mase_persistence": 3.0959827939045272,
    "mase_seasonal_last": 1.4045785215076512,
    "mase_seasonal_median": 1.2505270490180682,
    "mase_equal_ensemble": 1.1524620616870578,
    "mase_gate_rate": 1.1432459197991591,
    "mase_gate_uncertainty": 1.1432459197991591,
    "mase_gate_full": 1.1445625928736516,
    "mase_source_best_fixed": 1.1432459197991591,
    "mase_oracle_pair": 1.0136985362856028,
    "mase_replay_clean": 1.1882502941572644,
    "mase_replay_matched": 1.232140702292422,
    "mase_original_full": 1.1445625928736516,
    "mase_original_rate": 1.1432459197991591,
    "mase_original_uncertainty": 1.1432459197991591,
    "mase_source_tail_full": 1.1574358932457351,
    "mase_source_tail_rate": 1.1432459197991591,
    "mase_source_tail_uncertainty": 1.1392219578643714,
    "mase_source_all_full": 1.1800118633568173,
    "mase_target_tail_full": 1.1550522896534694,
    "mase_replay_pair": 1.1801682607509756,
    "mase_replay_pair_one_se": 1.167530584790643
  },
  "all_test": {
    "mase_native": 0.9317796779771482,
    "mase_phase_filled": 0.9644214492662677,
    "mase_persistence": 2.94082880914982,
    "mase_seasonal_last": 1.1724814979736284,
    "mase_seasonal_median": 1.1705390374187037,
    "mase_equal_ensemble": 0.9919671352216184,
    "mase_gate_rate": 0.9317796779771482,
    "mase_gate_uncertainty": 0.9317796779771482,
    "mase_gate_full": 0.9413539238951756,
    "mase_source_best_fixed": 0.9317796779771482,
    "mase_oracle_pair": 0.8338967740955923,
    "mase_replay_clean": 0.9452809902845797,
    "mase_replay_matched": 0.9584481127251271,
    "mase_original_full": 0.9413539238951756,
    "mase_original_rate": 0.9317796779771482,
    "mase_original_uncertainty": 0.9317796779771482,
    "mase_source_tail_full": 0.94397115235003,
    "mase_source_tail_rate": 0.9317796779771482,
    "mase_source_tail_uncertainty": 0.9350251284807292,
    "mase_source_all_full": 0.9502546590539425,
    "mase_target_tail_full": 0.9532263591412307,
    "mase_replay_pair": 0.9428563802626932,
    "mase_replay_pair_one_se": 0.9390650774745934
  }
}
